[{"stream_name":"stderr","time":6.389810161,"data":"0.00s - Debugger warning: It seems that frozen modules are being used, which may\n"}
,{"stream_name":"stderr","time":6.389858611,"data":"0.00s - make the debugger miss breakpoints. Please pass -Xfrozen_modules=off\n"}
,{"stream_name":"stderr","time":6.3898668690000004,"data":"0.00s - to python to disable frozen modules.\n"}
,{"stream_name":"stderr","time":6.389875111,"data":"0.00s - Note: Debugging will proceed. Set PYDEVD_DISABLE_FILE_VALIDATION=1 to disable this validation.\n"}
,{"stream_name":"stderr","time":6.961881678,"data":"0.00s - Debugger warning: It seems that frozen modules are being used, which may\n"}
,{"stream_name":"stderr","time":6.961910706,"data":"0.00s - make the debugger miss breakpoints. Please pass -Xfrozen_modules=off\n"}
,{"stream_name":"stderr","time":6.961915686,"data":"0.00s - to python to disable frozen modules.\n"}
,{"stream_name":"stderr","time":6.961919425,"data":"0.00s - Note: Debugging will proceed. Set PYDEVD_DISABLE_FILE_VALIDATION=1 to disable this validation.\n"}
,{"stream_name":"stdout","time":10.36892956,"data":"detected GPU: 'Tesla P100-PCIE-16GB'\n"}
,{"stream_name":"stdout","time":10.369004721,"data":"P100 detected -\u003e reinstalling torch cu118 build (retains Pascal/sm_60 support)\n"}
,{"stream_name":"stdout","time":21.358072393,"data":"     ━━━━━━━━━━━━━━━━━━━━━━━━━━━━━━━━━━━━━━━ 839.6/839.6 MB 2.0 MB/s eta 0:00:00\n"}
,{"stream_name":"stdout","time":21.56011623,"data":"     ━━━━━━━━━━━━━━━━━━━━━━━━━━━━━━━━━━━━━━━ 839.6/839.6 MB 2.0 MB/s eta 0:00:00\n"}
,{"stream_name":"stdout","time":24.710757853,"data":"     ━━━━━━━━━━━━━━━━━━━━━━━━━━━━━━━━━━━━━━━━ 23.2/23.2 MB 85.4 MB/s eta 0:00:00\n"}
,{"stream_name":"stdout","time":24.913106809,"data":"     ━━━━━━━━━━━━━━━━━━━━━━━━━━━━━━━━━━━━━━━━ 23.2/23.2 MB 85.4 MB/s eta 0:00:00\n"}
,{"stream_name":"stdout","time":25.061754433,"data":"     ━━━━━━━━━━━━━━━━━━━━━━━━━━━━━━━━━━━━━━ 875.6/875.6 kB 32.7 MB/s eta 0:00:00\n"}
,{"stream_name":"stdout","time":25.220293811,"data":"     ━━━━━━━━━━━━━━━━━━━━━━━━━━━━━━━━━━━━━━━ 13.1/13.1 MB 107.8 MB/s eta 0:00:00\n"}
,{"stream_name":"stdout","time":25.263584316,"data":"     ━━━━━━━━━━━━━━━━━━━━━━━━━━━━━━━━━━━━━━ 875.6/875.6 kB 32.7 MB/s eta 0:00:00\n"}
,{"stream_name":"stdout","time":25.263608418,"data":"     ━━━━━━━━━━━━━━━━━━━━━━━━━━━━━━━━━━━━━━━ 13.1/13.1 MB 107.8 MB/s eta 0:00:00\n"}
,{"stream_name":"stdout","time":33.511014624,"data":"     ━━━━━━━━━━━━━━━━━━━━━━━━━━━━━━━━━━━━━━━ 728.5/728.5 MB 2.4 MB/s eta 0:00:00\n"}
,{"stream_name":"stdout","time":33.713667176,"data":"     ━━━━━━━━━━━━━━━━━━━━━━━━━━━━━━━━━━━━━━━ 728.5/728.5 MB 2.4 MB/s eta 0:00:00\n"}
,{"stream_name":"stdout","time":42.590047874,"data":"     ━━━━━━━━━━━━━━━━━━━━━━━━━━━━━━━━━━━━━━━ 417.9/417.9 MB 3.0 MB/s eta 0:00:00\n"}
,{"stream_name":"stdout","time":42.793212278,"data":"     ━━━━━━━━━━━━━━━━━━━━━━━━━━━━━━━━━━━━━━━ 417.9/417.9 MB 3.0 MB/s eta 0:00:00\n"}
,{"stream_name":"stdout","time":46.338128631000004,"data":"     ━━━━━━━━━━━━━━━━━━━━━━━━━━━━━━━━━━━━━━━ 168.4/168.4 MB 6.0 MB/s eta 0:00:00\n"}
,{"stream_name":"stdout","time":46.540217809,"data":"     ━━━━━━━━━━━━━━━━━━━━━━━━━━━━━━━━━━━━━━━ 168.4/168.4 MB 6.0 MB/s eta 0:00:00\n"}
,{"stream_name":"stdout","time":47.426570098,"data":"     ━━━━━━━━━━━━━━━━━━━━━━━━━━━━━━━━━━━━━━━━ 58.1/58.1 MB 33.2 MB/s eta 0:00:00\n"}
,{"stream_name":"stdout","time":47.628352661,"data":"     ━━━━━━━━━━━━━━━━━━━━━━━━━━━━━━━━━━━━━━━━ 58.1/58.1 MB 33.2 MB/s eta 0:00:00\n"}
,{"stream_name":"stdout","time":48.977475935,"data":"     ━━━━━━━━━━━━━━━━━━━━━━━━━━━━━━━━━━━━━━ 128.2/128.2 MB 14.6 MB/s eta 0:00:00\n"}
,{"stream_name":"stdout","time":49.179310553,"data":"     ━━━━━━━━━━━━━━━━━━━━━━━━━━━━━━━━━━━━━━ 128.2/128.2 MB 14.6 MB/s eta 0:00:00\n"}
,{"stream_name":"stdout","time":51.811013031,"data":"     ━━━━━━━━━━━━━━━━━━━━━━━━━━━━━━━━━━━━━━━ 204.1/204.1 MB 6.3 MB/s eta 0:00:00\n"}
,{"stream_name":"stdout","time":52.013494003,"data":"     ━━━━━━━━━━━━━━━━━━━━━━━━━━━━━━━━━━━━━━━ 204.1/204.1 MB 6.3 MB/s eta 0:00:00\n"}
,{"stream_name":"stdout","time":53.821868585,"data":"     ━━━━━━━━━━━━━━━━━━━━━━━━━━━━━━━━━━━━━━ 142.9/142.9 MB 13.3 MB/s eta 0:00:00\n"}
,{"stream_name":"stdout","time":54.024018962,"data":"     ━━━━━━━━━━━━━━━━━━━━━━━━━━━━━━━━━━━━━━ 142.9/142.9 MB 13.3 MB/s eta 0:00:00\n"}
,{"stream_name":"stdout","time":54.291316041,"data":"     ━━━━━━━━━━━━━━━━━━━━━━━━━━━━━━━━━━━━━━━━ 99.1/99.1 kB 7.8 MB/s eta 0:00:00\n"}
,{"stream_name":"stdout","time":54.493655104,"data":"     ━━━━━━━━━━━━━━━━━━━━━━━━━━━━━━━━━━━━━━━━ 99.1/99.1 kB 7.8 MB/s eta 0:00:00\n"}
,{"stream_name":"stderr","time":128.143830455,"data":"ERROR: pip's dependency resolver does not currently take into account all the packages that are installed. This behaviour is the source of the following dependency conflicts.\n"}
,{"stream_name":"stderr","time":128.143869473,"data":"torchaudio 2.10.0+cu128 requires torch==2.10.0, but you have torch 2.3.1+cu118 which is incompatible.\n"}
,{"stream_name":"stderr","time":128.14387599,"data":"torchvision 0.25.0+cu128 requires torch==2.10.0, but you have torch 2.3.1+cu118 which is incompatible.\n"}
,{"stream_name":"stderr","time":128.348270787,"data":"ERROR: pip's dependency resolver does not currently take into account all the packages that are installed. This behaviour is the source of the following dependency conflicts.\n"}
,{"stream_name":"stderr","time":128.348297192,"data":"torchaudio 2.10.0+cu128 requires torch==2.10.0, but you have torch 2.3.1+cu118 which is incompatible.\n"}
,{"stream_name":"stderr","time":128.348302558,"data":"torchvision 0.25.0+cu128 requires torch==2.10.0, but you have torch 2.3.1+cu118 which is incompatible.\n"}
,{"stream_name":"stderr","time":128.34832404,"data":"\n"}
,{"stream_name":"stderr","time":128.348329297,"data":"ERROR: pip's dependency resolver does not currently take into account all the packages that are installed. This behaviour is the source of the following dependency conflicts.\n"}
,{"stream_name":"stderr","time":128.348351015,"data":"torchaudio 2.10.0+cu128 requires torch==2.10.0, but you have torch 2.3.1+cu118 which is incompatible.\n"}
,{"stream_name":"stderr","time":128.348355382,"data":"torchvision 0.25.0+cu128 requires torch==2.10.0, but you have torch 2.3.1+cu118 which is incompatible.\n"}
,{"stream_name":"stdout","time":131.5622257,"data":"   ━━━━━━━━━━━━━━━━━━━━━━━━━━━━━━━━━━━━━━━━ 44.5/44.5 kB 2.0 MB/s eta 0:00:00\n"}
,{"stream_name":"stdout","time":131.764466864,"data":"   ━━━━━━━━━━━━━━━━━━━━━━━━━━━━━━━━━━━━━━━━ 44.5/44.5 kB 2.0 MB/s eta 0:00:00\n"}
,{"stream_name":"stdout","time":135.995564828,"data":"COMP_DIR = /kaggle/input/competitions/playground-series-s6e8\n"}
,{"stream_name":"stdout","time":137.554360519,"data":"train: (691369, 14), test: (296302, 13)\n"}
,{"stream_name":"stdout","time":137.554395,"data":"補完値(imp_*)を計算中（train+test結合、transductive）...\n"}
,{"stream_name":"stdout","time":152.307094201,"data":"  imp_age: 欠損46,067件を補完\n"}
,{"stream_name":"stdout","time":167.268370404,"data":"  imp_daily_screen_time_hours: 欠損128,642件を補完\n"}
,{"stream_name":"stdout","time":181.722117348,"data":"  imp_social_media_hours: 欠損181,392件を補完\n"}
,{"stream_name":"stdout","time":194.996044502,"data":"  imp_gaming_hours: 欠損186,241件を補完\n"}
,{"stream_name":"stdout","time":209.146875818,"data":"  imp_work_study_hours: 欠損79,295件を補完\n"}
,{"stream_name":"stdout","time":221.529307548,"data":"  imp_sleep_hours: 欠損66,935件を補完\n"}
,{"stream_name":"stdout","time":233.303600593,"data":"  imp_notifications_per_day: 欠損101,805件を補完\n"}
,{"stream_name":"stdout","time":245.858245397,"data":"  imp_app_opens_per_day: 欠損106,415件を補完\n"}
,{"stream_name":"stdout","time":259.673660577,"data":"  imp_weekend_screen_time: 欠損162,760件を補完\n"}
,{"stream_name":"stdout","time":260.383615941,"data":"カテゴリ列 vocab size: {'cat_daily_screen_time_hours': 1398, 'cat_weekend_screen_time': 1460, 'cat_social_media_hours': 730, 'cat_work_study_hours': 602, 'cat_gaming_hours': 402, 'cat_app_opens_per_day': 167, 'cat_sleep_hours': 452, 'cat_notifications_per_day': 232}\n"}
,{"stream_name":"stdout","time":260.383680235,"data":"n_features = 22 (num=14, cat=8)\n"}
,{"stream_name":"stdout","time":260.38368709,"data":"TabNet HP={'n_d': 16, 'n_a': 16, 'n_steps': 4, 'gamma': 1.3, 'cat_emb_dim': 4, 'lambda_sparse': 0.001, 'momentum': 0.02}, device=cuda\n"}
,{"stream_name":"stderr","time":260.859425598,"data":"/usr/local/lib/python3.12/dist-packages/pytorch_tabnet/abstract_model.py:82: UserWarning: Device used : cuda\n"}
,{"stream_name":"stderr","time":260.859471777,"data":"  warnings.warn(f\"Device used : {self.device}\")\n"}
,{"stream_name":"stderr","time":260.859478758,"data":"\n"}
,{"stream_name":"stderr","time":260.859483296,"data":"/usr/local/lib/python3.12/dist-packages/pytorch_tabnet/abstract_model.py:82: UserWarning: Device used : cuda\n"}
,{"stream_name":"stderr","time":260.8594881,"data":"  warnings.warn(f\"Device used : {self.device}\")\n"}
,{"stream_name":"stderr","time":264.815382806,"data":"/usr/local/lib/python3.12/dist-packages/pytorch_tabnet/abstract_model.py:687: UserWarning: No early stopping will be performed, last training weights will be used.\n"}
,{"stream_name":"stderr","time":264.815451365,"data":"  warnings.warn(wrn_msg)\n"}
,{"stream_name":"stderr","time":264.815474998,"data":"\n"}
,{"stream_name":"stderr","time":264.815479368,"data":"/usr/local/lib/python3.12/dist-packages/pytorch_tabnet/abstract_model.py:687: UserWarning: No early stopping will be performed, last training weights will be used.\n"}
,{"stream_name":"stderr","time":264.815483513,"data":"  warnings.warn(wrn_msg)\n"}
,{"stream_name":"stdout","time":275.982499433,"data":"epoch 0  | loss: 1.2528  |  0:00:11s\n"}
,{"stream_name":"stdout","time":286.761346508,"data":"epoch 1  | loss: 0.92869 |  0:00:21s\n"}
,{"stream_name":"stdout","time":296.965736394,"data":"epoch 2  | loss: 0.90309 |  0:00:32s\n"}
,{"stream_name":"stdout","time":307.326703349,"data":"epoch 3  | loss: 0.88855 |  0:00:42s\n"}
,{"stream_name":"stdout","time":317.719700577,"data":"epoch 4  | loss: 0.87666 |  0:00:52s\n"}
,{"stream_name":"stdout","time":327.937574104,"data":"epoch 5  | loss: 0.85855 |  0:01:03s\n"}
,{"stream_name":"stdout","time":338.329597933,"data":"epoch 6  | loss: 0.82531 |  0:01:13s\n"}
,{"stream_name":"stdout","time":348.473460742,"data":"epoch 7  | loss: 0.77495 |  0:01:23s\n"}
,{"stream_name":"stdout","time":358.978579298,"data":"epoch 8  | loss: 0.71977 |  0:01:33s\n"}
,{"stream_name":"stdout","time":369.456731387,"data":"epoch 9  | loss: 0.67079 |  0:01:44s\n"}
,{"stream_name":"stdout","time":380.063634667,"data":"epoch 10 | loss: 0.63437 |  0:01:55s\n"}
,{"stream_name":"stdout","time":391.043217781,"data":"epoch 11 | loss: 0.60346 |  0:02:06s\n"}
,{"stream_name":"stdout","time":401.679361355,"data":"epoch 12 | loss: 0.5788  |  0:02:16s\n"}
,{"stream_name":"stdout","time":411.86599498,"data":"epoch 13 | loss: 0.55904 |  0:02:27s\n"}
,{"stream_name":"stdout","time":422.289544853,"data":"epoch 14 | loss: 0.54557 |  0:02:37s\n"}
,{"stream_name":"stdout","time":432.5406239,"data":"epoch 15 | loss: 0.53412 |  0:02:47s\n"}
,{"stream_name":"stdout","time":442.702124438,"data":"epoch 16 | loss: 0.52493 |  0:02:57s\n"}
,{"stream_name":"stdout","time":453.136119968,"data":"epoch 17 | loss: 0.51915 |  0:03:08s\n"}
,{"stream_name":"stdout","time":463.573267407,"data":"epoch 18 | loss: 0.51457 |  0:03:18s\n"}
,{"stream_name":"stdout","time":473.955985207,"data":"epoch 19 | loss: 0.51018 |  0:03:29s\n"}
,{"stream_name":"stdout","time":484.694621071,"data":"epoch 20 | loss: 0.50654 |  0:03:39s\n"}
,{"stream_name":"stdout","time":495.543165039,"data":"epoch 21 | loss: 0.50221 |  0:03:50s\n"}
,{"stream_name":"stdout","time":506.380561022,"data":"epoch 22 | loss: 0.49978 |  0:04:01s\n"}
,{"stream_name":"stdout","time":516.602102848,"data":"epoch 23 | loss: 0.49793 |  0:04:11s\n"}
,{"stream_name":"stdout","time":526.775248763,"data":"epoch 24 | loss: 0.49627 |  0:04:21s\n"}
,{"stream_name":"stdout","time":537.157352861,"data":"epoch 25 | loss: 0.49327 |  0:04:32s\n"}
,{"stream_name":"stdout","time":547.298554535,"data":"epoch 26 | loss: 0.49154 |  0:04:42s\n"}
,{"stream_name":"stdout","time":557.645445445,"data":"epoch 27 | loss: 0.48968 |  0:04:52s\n"}
,{"stream_name":"stdout","time":568.064716415,"data":"epoch 28 | loss: 0.48835 |  0:05:03s\n"}
,{"stream_name":"stdout","time":578.476236924,"data":"epoch 29 | loss: 0.4868  |  0:05:13s\n"}
,{"stream_name":"stdout","time":588.892555261,"data":"epoch 30 | loss: 0.48564 |  0:05:24s\n"}
,{"stream_name":"stdout","time":599.702070527,"data":"epoch 31 | loss: 0.48436 |  0:05:34s\n"}
,{"stream_name":"stdout","time":610.520891825,"data":"epoch 32 | loss: 0.48259 |  0:05:45s\n"}
,{"stream_name":"stdout","time":620.924176866,"data":"epoch 33 | loss: 0.48144 |  0:05:56s\n"}
,{"stream_name":"stdout","time":631.16787323,"data":"epoch 34 | loss: 0.48217 |  0:06:06s\n"}
,{"stream_name":"stdout","time":641.556300555,"data":"epoch 35 | loss: 0.4833  |  0:06:16s\n"}
,{"stream_name":"stdout","time":651.763687438,"data":"epoch 36 | loss: 0.48085 |  0:06:26s\n"}
,{"stream_name":"stdout","time":661.96062562,"data":"epoch 37 | loss: 0.48341 |  0:06:37s\n"}
,{"stream_name":"stdout","time":672.653410549,"data":"epoch 38 | loss: 0.47981 |  0:06:47s\n"}
,{"stream_name":"stdout","time":683.28330688,"data":"epoch 39 | loss: 0.47771 |  0:06:58s\n"}
,{"stream_name":"stdout","time":694.808612738,"data":"epoch 40 | loss: 0.47694 |  0:07:09s\n"}
,{"stream_name":"stdout","time":705.830352274,"data":"epoch 41 | loss: 0.48188 |  0:07:21s\n"}
,{"stream_name":"stdout","time":717.129406074,"data":"epoch 42 | loss: 0.47908 |  0:07:32s\n"}
,{"stream_name":"stdout","time":728.229356839,"data":"epoch 43 | loss: 0.47718 |  0:07:43s\n"}
,{"stream_name":"stdout","time":739.475455658,"data":"epoch 44 | loss: 0.47601 |  0:07:54s\n"}
,{"stream_name":"stdout","time":750.607954309,"data":"epoch 45 | loss: 0.47509 |  0:08:05s\n"}
,{"stream_name":"stdout","time":761.463410963,"data":"epoch 46 | loss: 0.47494 |  0:08:16s\n"}
,{"stream_name":"stdout","time":771.901053264,"data":"epoch 47 | loss: 0.47446 |  0:08:27s\n"}
,{"stream_name":"stdout","time":782.675890798,"data":"epoch 48 | loss: 0.47329 |  0:08:37s\n"}
,{"stream_name":"stdout","time":793.450671259,"data":"epoch 49 | loss: 0.47233 |  0:08:48s\n"}
,{"stream_name":"stderr","time":793.451803372,"data":"/usr/local/lib/python3.12/dist-packages/pytorch_tabnet/abstract_model.py:82: UserWarning: Device used : cuda\n"}
,{"stream_name":"stderr","time":793.451824442,"data":"  warnings.warn(f\"Device used : {self.device}\")\n"}
,{"stream_name":"stderr","time":793.451832052,"data":"\n"}
,{"stream_name":"stderr","time":793.451838023,"data":"/usr/local/lib/python3.12/dist-packages/pytorch_tabnet/abstract_model.py:82: UserWarning: Device used : cuda\n"}
,{"stream_name":"stderr","time":793.451844259,"data":"  warnings.warn(f\"Device used : {self.device}\")\n"}
,{"stream_name":"stderr","time":793.852889297,"data":"/usr/local/lib/python3.12/dist-packages/pytorch_tabnet/abstract_model.py:248: UserWarning: Loading weights from unsupervised pretraining\n"}
,{"stream_name":"stderr","time":793.852927425,"data":"  warnings.warn(\"Loading weights from unsupervised pretraining\")\n"}
,{"stream_name":"stderr","time":793.852933825,"data":"\n"}
,{"stream_name":"stderr","time":793.852938329,"data":"/usr/local/lib/python3.12/dist-packages/pytorch_tabnet/abstract_model.py:248: UserWarning: Loading weights from unsupervised pretraining\n"}
,{"stream_name":"stderr","time":793.852944132,"data":"  warnings.warn(\"Loading weights from unsupervised pretraining\")\n"}
,{"stream_name":"stdout","time":804.773788146,"data":"epoch 0  | loss: 0.26501 | val_0_auc: 0.9615  |  0:00:10s\n"}
,{"stream_name":"stdout","time":815.584507077,"data":"epoch 1  | loss: 0.21948 | val_0_auc: 0.96529 |  0:00:21s\n"}
,{"stream_name":"stdout","time":826.532531073,"data":"epoch 2  | loss: 0.21245 | val_0_auc: 0.96589 |  0:00:32s\n"}
,{"stream_name":"stdout","time":837.473919457,"data":"epoch 3  | loss: 0.21005 | val_0_auc: 0.96647 |  0:00:43s\n"}
,{"stream_name":"stdout","time":848.639005476,"data":"epoch 4  | loss: 0.20795 | val_0_auc: 0.96654 |  0:00:54s\n"}
,{"stream_name":"stdout","time":859.381651846,"data":"epoch 5  | loss: 0.20676 | val_0_auc: 0.9666  |  0:01:05s\n"}
,{"stream_name":"stdout","time":870.508936746,"data":"epoch 6  | loss: 0.2051  | val_0_auc: 0.96657 |  0:01:16s\n"}
,{"stream_name":"stdout","time":881.62815283,"data":"epoch 7  | loss: 0.20359 | val_0_auc: 0.96607 |  0:01:27s\n"}
,{"stream_name":"stdout","time":893.369997033,"data":"epoch 8  | loss: 0.20327 | val_0_auc: 0.96615 |  0:01:39s\n"}
,{"stream_name":"stdout","time":904.442686957,"data":"epoch 9  | loss: 0.20138 | val_0_auc: 0.96647 |  0:01:50s\n"}
,{"stream_name":"stdout","time":915.861900979,"data":"epoch 10 | loss: 0.20056 | val_0_auc: 0.96618 |  0:02:02s\n"}
,{"stream_name":"stdout","time":926.906721574,"data":"epoch 11 | loss: 0.20008 | val_0_auc: 0.96592 |  0:02:13s\n"}
,{"stream_name":"stdout","time":938.046371133,"data":"epoch 12 | loss: 0.19888 | val_0_auc: 0.96562 |  0:02:24s\n"}
,{"stream_name":"stdout","time":949.251914193,"data":"epoch 13 | loss: 0.19742 | val_0_auc: 0.96546 |  0:02:35s\n"}
,{"stream_name":"stdout","time":960.577563604,"data":"epoch 14 | loss: 0.19607 | val_0_auc: 0.96489 |  0:02:46s\n"}
,{"stream_name":"stdout","time":971.889027481,"data":"epoch 15 | loss: 0.19539 | val_0_auc: 0.96548 |  0:02:58s\n"}
,{"stream_name":"stdout","time":983.400070691,"data":"epoch 16 | loss: 0.19445 | val_0_auc: 0.96498 |  0:03:09s\n"}
,{"stream_name":"stdout","time":995.423134028,"data":"epoch 17 | loss: 0.19426 | val_0_auc: 0.9651  |  0:03:21s\n"}
,{"stream_name":"stdout","time":1007.366654488,"data":"epoch 18 | loss: 0.19402 | val_0_auc: 0.9648  |  0:03:33s\n"}
,{"stream_name":"stdout","time":1019.151646983,"data":"epoch 19 | loss: 0.19362 | val_0_auc: 0.96471 |  0:03:45s\n"}
,{"stream_name":"stdout","time":1030.399757868,"data":"epoch 20 | loss: 0.19187 | val_0_auc: 0.96459 |  0:03:56s\n"}
,{"stream_name":"stdout","time":1030.39981388,"data":"\n"}
,{"stream_name":"stdout","time":1030.399819194,"data":"Early stopping occurred at epoch 20 with best_epoch = 5 and best_val_0_auc = 0.9666\n"}
,{"stream_name":"stderr","time":1030.404090425,"data":"/usr/local/lib/python3.12/dist-packages/pytorch_tabnet/callbacks.py:172: UserWarning: Best weights from best epoch are automatically used!\n"}
,{"stream_name":"stderr","time":1030.40411504,"data":"  warnings.warn(wrn_msg)\n"}
,{"stream_name":"stderr","time":1030.404121348,"data":"\n"}
,{"stream_name":"stderr","time":1030.404125965,"data":"/usr/local/lib/python3.12/dist-packages/pytorch_tabnet/callbacks.py:172: UserWarning: Best weights from best epoch are automatically used!\n"}
,{"stream_name":"stderr","time":1030.404131369,"data":"  warnings.warn(wrn_msg)\n"}
,{"stream_name":"stdout","time":1044.795028134,"data":"fold 0: val=0.96660 elapsed=784.4s\n"}
,{"stream_name":"stderr","time":1045.073631303,"data":"/usr/local/lib/python3.12/dist-packages/pytorch_tabnet/abstract_model.py:82: UserWarning: Device used : cuda\n"}
,{"stream_name":"stderr","time":1045.073673761,"data":"  warnings.warn(f\"Device used : {self.device}\")\n"}
,{"stream_name":"stderr","time":1045.073679127,"data":"/usr/local/lib/python3.12/dist-packages/pytorch_tabnet/abstract_model.py:687: UserWarning: No early stopping will be performed, last training weights will be used.\n"}
,{"stream_name":"stderr","time":1045.07368387,"data":"  warnings.warn(wrn_msg)\n"}
,{"stream_name":"stderr","time":1045.073700856,"data":"\n"}
,{"stream_name":"stderr","time":1045.073707443,"data":"/usr/local/lib/python3.12/dist-packages/pytorch_tabnet/abstract_model.py:82: UserWarning: Device used : cuda\n"}
,{"stream_name":"stderr","time":1045.073713795,"data":"  warnings.warn(f\"Device used : {self.device}\")\n"}
,{"stream_name":"stderr","time":1045.073720948,"data":"/usr/local/lib/python3.12/dist-packages/pytorch_tabnet/abstract_model.py:687: UserWarning: No early stopping will be performed, last training weights will be used.\n"}
,{"stream_name":"stderr","time":1045.073727512,"data":"  warnings.warn(wrn_msg)\n"}
,{"stream_name":"stdout","time":1055.989317233,"data":"epoch 0  | loss: 1.24506 |  0:00:10s\n"}
,{"stream_name":"stdout","time":1066.98450583,"data":"epoch 1  | loss: 0.92775 |  0:00:21s\n"}
,{"stream_name":"stdout","time":1078.152148838,"data":"epoch 2  | loss: 0.90812 |  0:00:33s\n"}
,{"stream_name":"stdout","time":1089.70630777,"data":"epoch 3  | loss: 0.89125 |  0:00:44s\n"}
,{"stream_name":"stdout","time":1100.910665693,"data":"epoch 4  | loss: 0.87508 |  0:00:55s\n"}
,{"stream_name":"stdout","time":1111.630973291,"data":"epoch 5  | loss: 0.85189 |  0:01:06s\n"}
,{"stream_name":"stdout","time":1122.387635554,"data":"epoch 6  | loss: 0.80667 |  0:01:17s\n"}
,{"stream_name":"stdout","time":1132.902888908,"data":"epoch 7  | loss: 0.74843 |  0:01:27s\n"}
,{"stream_name":"stdout","time":1143.387629599,"data":"epoch 8  | loss: 0.6896  |  0:01:38s\n"}
,{"stream_name":"stdout","time":1154.045748431,"data":"epoch 9  | loss: 0.64098 |  0:01:48s\n"}
,{"stream_name":"stdout","time":1164.759628405,"data":"epoch 10 | loss: 0.60362 |  0:01:59s\n"}
,{"stream_name":"stdout","time":1175.437578874,"data":"epoch 11 | loss: 0.57747 |  0:02:10s\n"}
,{"stream_name":"stdout","time":1186.385178654,"data":"epoch 12 | loss: 0.56111 |  0:02:21s\n"}
,{"stream_name":"stdout","time":1197.508231304,"data":"epoch 13 | loss: 0.54701 |  0:02:32s\n"}
,{"stream_name":"stdout","time":1208.568580515,"data":"epoch 14 | loss: 0.53672 |  0:02:43s\n"}
,{"stream_name":"stdout","time":1219.054664016,"data":"epoch 15 | loss: 0.52848 |  0:02:53s\n"}
,{"stream_name":"stdout","time":1229.474237509,"data":"epoch 16 | loss: 0.52107 |  0:03:04s\n"}
,{"stream_name":"stdout","time":1240.111022385,"data":"epoch 17 | loss: 0.5164  |  0:03:14s\n"}
,{"stream_name":"stdout","time":1250.492934307,"data":"epoch 18 | loss: 0.51228 |  0:03:25s\n"}
,{"stream_name":"stdout","time":1261.185517945,"data":"epoch 19 | loss: 0.50857 |  0:03:36s\n"}
,{"stream_name":"stdout","time":1271.649807331,"data":"epoch 20 | loss: 0.50509 |  0:03:46s\n"}
,{"stream_name":"stdout","time":1282.308133217,"data":"epoch 21 | loss: 0.50161 |  0:03:57s\n"}
,{"stream_name":"stdout","time":1293.190693885,"data":"epoch 22 | loss: 0.4988  |  0:04:08s\n"}
,{"stream_name":"stdout","time":1304.034342891,"data":"epoch 23 | loss: 0.49661 |  0:04:18s\n"}
,{"stream_name":"stdout","time":1315.049872701,"data":"epoch 24 | loss: 0.49492 |  0:04:29s\n"}
,{"stream_name":"stdout","time":1325.970441203,"data":"epoch 25 | loss: 0.4933  |  0:04:40s\n"}
,{"stream_name":"stdout","time":1336.369122902,"data":"epoch 26 | loss: 0.49147 |  0:04:51s\n"}
,{"stream_name":"stdout","time":1346.934740195,"data":"epoch 27 | loss: 0.48973 |  0:05:01s\n"}
,{"stream_name":"stdout","time":1357.389403138,"data":"epoch 28 | loss: 0.48847 |  0:05:12s\n"}
,{"stream_name":"stdout","time":1367.761317044,"data":"epoch 29 | loss: 0.48649 |  0:05:22s\n"}
,{"stream_name":"stdout","time":1378.333891322,"data":"epoch 30 | loss: 0.48457 |  0:05:33s\n"}
,{"stream_name":"stdout","time":1389.037991883,"data":"epoch 31 | loss: 0.48352 |  0:05:43s\n"}
,{"stream_name":"stdout","time":1399.801087679,"data":"epoch 32 | loss: 0.48316 |  0:05:54s\n"}
,{"stream_name":"stdout","time":1410.764701713,"data":"epoch 33 | loss: 0.48134 |  0:06:05s\n"}
,{"stream_name":"stdout","time":1422.086819676,"data":"epoch 34 | loss: 0.48076 |  0:06:16s\n"}
,{"stream_name":"stdout","time":1433.180021743,"data":"epoch 35 | loss: 0.47949 |  0:06:28s\n"}
,{"stream_name":"stdout","time":1443.684262254,"data":"epoch 36 | loss: 0.47848 |  0:06:38s\n"}
,{"stream_name":"stdout","time":1454.217283232,"data":"epoch 37 | loss: 0.47897 |  0:06:49s\n"}
,{"stream_name":"stdout","time":1464.826072516,"data":"epoch 38 | loss: 0.47714 |  0:06:59s\n"}
,{"stream_name":"stdout","time":1475.242127859,"data":"epoch 39 | loss: 0.47636 |  0:07:10s\n"}
,{"stream_name":"stdout","time":1486.02382803,"data":"epoch 40 | loss: 0.47636 |  0:07:20s\n"}
,{"stream_name":"stdout","time":1496.498932333,"data":"epoch 41 | loss: 0.47623 |  0:07:31s\n"}
,{"stream_name":"stdout","time":1507.223602025,"data":"epoch 42 | loss: 0.47501 |  0:07:42s\n"}
,{"stream_name":"stdout","time":1518.103434394,"data":"epoch 43 | loss: 0.47476 |  0:07:52s\n"}
,{"stream_name":"stdout","time":1529.090996683,"data":"epoch 44 | loss: 0.47412 |  0:08:03s\n"}
,{"stream_name":"stdout","time":1540.371741295,"data":"epoch 45 | loss: 0.4739  |  0:08:15s\n"}
,{"stream_name":"stdout","time":1551.068997513,"data":"epoch 46 | loss: 0.47417 |  0:08:25s\n"}
,{"stream_name":"stdout","time":1561.613565307,"data":"epoch 47 | loss: 0.47305 |  0:08:36s\n"}
,{"stream_name":"stdout","time":1572.268374053,"data":"epoch 48 | loss: 0.47376 |  0:08:47s\n"}
,{"stream_name":"stdout","time":1582.877642769,"data":"epoch 49 | loss: 0.47319 |  0:08:57s\n"}
,{"stream_name":"stderr","time":1582.878657733,"data":"/usr/local/lib/python3.12/dist-packages/pytorch_tabnet/abstract_model.py:82: UserWarning: Device used : cuda\n"}
,{"stream_name":"stderr","time":1582.878682806,"data":"  warnings.warn(f\"Device used : {self.device}\")\n"}
,{"stream_name":"stderr","time":1582.878689699,"data":"\n"}
,{"stream_name":"stderr","time":1582.878710228,"data":"/usr/local/lib/python3.12/dist-packages/pytorch_tabnet/abstract_model.py:82: UserWarning: Device used : cuda\n"}
,{"stream_name":"stderr","time":1582.878716415,"data":"  warnings.warn(f\"Device used : {self.device}\")\n"}
,{"stream_name":"stderr","time":1583.24643608,"data":"/usr/local/lib/python3.12/dist-packages/pytorch_tabnet/abstract_model.py:248: UserWarning: Loading weights from unsupervised pretraining\n"}
,{"stream_name":"stderr","time":1583.246476639,"data":"  warnings.warn(\"Loading weights from unsupervised pretraining\")\n"}
,{"stream_name":"stderr","time":1583.246484449,"data":"\n"}
,{"stream_name":"stderr","time":1583.246489677,"data":"/usr/local/lib/python3.12/dist-packages/pytorch_tabnet/abstract_model.py:248: UserWarning: Loading weights from unsupervised pretraining\n"}
,{"stream_name":"stderr","time":1583.246495081,"data":"  warnings.warn(\"Loading weights from unsupervised pretraining\")\n"}
,{"stream_name":"stdout","time":1594.104185289,"data":"epoch 0  | loss: 0.27656 | val_0_auc: 0.9634  |  0:00:10s\n"}
,{"stream_name":"stdout","time":1604.95546564,"data":"epoch 1  | loss: 0.21679 | val_0_auc: 0.96576 |  0:00:21s\n"}
,{"stream_name":"stdout","time":1615.881446844,"data":"epoch 2  | loss: 0.21168 | val_0_auc: 0.96642 |  0:00:32s\n"}
,{"stream_name":"stdout","time":1626.799629476,"data":"epoch 3  | loss: 0.20848 | val_0_auc: 0.96676 |  0:00:43s\n"}
,{"stream_name":"stdout","time":1637.64441213,"data":"epoch 4  | loss: 0.20688 | val_0_auc: 0.96674 |  0:00:54s\n"}
,{"stream_name":"stdout","time":1648.471774255,"data":"epoch 5  | loss: 0.20537 | val_0_auc: 0.96657 |  0:01:05s\n"}
,{"stream_name":"stdout","time":1659.360493262,"data":"epoch 6  | loss: 0.20433 | val_0_auc: 0.96686 |  0:01:16s\n"}
,{"stream_name":"stdout","time":1670.209068291,"data":"epoch 7  | loss: 0.20254 | val_0_auc: 0.96682 |  0:01:26s\n"}
,{"stream_name":"stdout","time":1681.206379174,"data":"epoch 8  | loss: 0.20136 | val_0_auc: 0.96647 |  0:01:37s\n"}
,{"stream_name":"stdout","time":1692.163715563,"data":"epoch 9  | loss: 0.20001 | val_0_auc: 0.96645 |  0:01:48s\n"}
,{"stream_name":"stdout","time":1703.023170108,"data":"epoch 10 | loss: 0.19913 | val_0_auc: 0.96644 |  0:01:59s\n"}
,{"stream_name":"stdout","time":1713.87030953,"data":"epoch 11 | loss: 0.19819 | val_0_auc: 0.96595 |  0:02:10s\n"}
,{"stream_name":"stdout","time":1724.812242074,"data":"epoch 12 | loss: 0.19736 | val_0_auc: 0.9661  |  0:02:21s\n"}
,{"stream_name":"stdout","time":1735.8004342,"data":"epoch 13 | loss: 0.19675 | val_0_auc: 0.96606 |  0:02:32s\n"}
,{"stream_name":"stdout","time":1746.618959277,"data":"epoch 14 | loss: 0.19539 | val_0_auc: 0.96578 |  0:02:43s\n"}
,{"stream_name":"stdout","time":1757.613518163,"data":"epoch 15 | loss: 0.19532 | val_0_auc: 0.96551 |  0:02:54s\n"}
,{"stream_name":"stdout","time":1768.560688167,"data":"epoch 16 | loss: 0.19414 | val_0_auc: 0.9653  |  0:03:05s\n"}
,{"stream_name":"stdout","time":1779.413582653,"data":"epoch 17 | loss: 0.19356 | val_0_auc: 0.9649  |  0:03:16s\n"}
,{"stream_name":"stdout","time":1790.291536138,"data":"epoch 18 | loss: 0.19239 | val_0_auc: 0.96464 |  0:03:27s\n"}
,{"stream_name":"stdout","time":1801.109436336,"data":"epoch 19 | loss: 0.19202 | val_0_auc: 0.96454 |  0:03:37s\n"}
,{"stream_name":"stdout","time":1811.927870999,"data":"epoch 20 | loss: 0.19191 | val_0_auc: 0.96454 |  0:03:48s\n"}
,{"stream_name":"stdout","time":1822.806174398,"data":"epoch 21 | loss: 0.19185 | val_0_auc: 0.96439 |  0:03:59s\n"}
,{"stream_name":"stdout","time":1822.806220928,"data":"\n"}
,{"stream_name":"stdout","time":1822.806225702,"data":"Early stopping occurred at epoch 21 with best_epoch = 6 and best_val_0_auc = 0.96686\n"}
,{"stream_name":"stderr","time":1822.811286899,"data":"/usr/local/lib/python3.12/dist-packages/pytorch_tabnet/callbacks.py:172: UserWarning: Best weights from best epoch are automatically used!\n"}
,{"stream_name":"stderr","time":1822.811309499,"data":"  warnings.warn(wrn_msg)\n"}
,{"stream_name":"stderr","time":1822.811315148,"data":"\n"}
,{"stream_name":"stderr","time":1822.81132332,"data":"/usr/local/lib/python3.12/dist-packages/pytorch_tabnet/callbacks.py:172: UserWarning: Best weights from best epoch are automatically used!\n"}
,{"stream_name":"stderr","time":1822.811331214,"data":"  warnings.warn(wrn_msg)\n"}
,{"stream_name":"stdout","time":1837.002998716,"data":"fold 1: val=0.96686 elapsed=1576.6s\n"}
,{"stream_name":"stderr","time":1837.256697336,"data":"/usr/local/lib/python3.12/dist-packages/pytorch_tabnet/abstract_model.py:82: UserWarning: Device used : cuda\n"}
,{"stream_name":"stderr","time":1837.256732154,"data":"  warnings.warn(f\"Device used : {self.device}\")\n"}
,{"stream_name":"stderr","time":1837.256738598,"data":"/usr/local/lib/python3.12/dist-packages/pytorch_tabnet/abstract_model.py:687: UserWarning: No early stopping will be performed, last training weights will be used.\n"}
,{"stream_name":"stderr","time":1837.256743761,"data":"  warnings.warn(wrn_msg)\n"}
,{"stream_name":"stderr","time":1837.256748323,"data":"\n"}
,{"stream_name":"stderr","time":1837.256753353,"data":"/usr/local/lib/python3.12/dist-packages/pytorch_tabnet/abstract_model.py:82: UserWarning: Device used : cuda\n"}
,{"stream_name":"stderr","time":1837.256758114,"data":"  warnings.warn(f\"Device used : {self.device}\")\n"}
,{"stream_name":"stderr","time":1837.256762611,"data":"/usr/local/lib/python3.12/dist-packages/pytorch_tabnet/abstract_model.py:687: UserWarning: No early stopping will be performed, last training weights will be used.\n"}
,{"stream_name":"stderr","time":1837.25676739,"data":"  warnings.warn(wrn_msg)\n"}
,{"stream_name":"stdout","time":1847.845735009,"data":"epoch 0  | loss: 1.24344 |  0:00:10s\n"}
,{"stream_name":"stdout","time":1858.733332428,"data":"epoch 1  | loss: 0.93088 |  0:00:21s\n"}
,{"stream_name":"stdout","time":1869.345820888,"data":"epoch 2  | loss: 0.90246 |  0:00:32s\n"}
,{"stream_name":"stdout","time":1879.843358472,"data":"epoch 3  | loss: 0.88763 |  0:00:42s\n"}
,{"stream_name":"stdout","time":1890.494050434,"data":"epoch 4  | loss: 0.87482 |  0:00:53s\n"}
,{"stream_name":"stdout","time":1901.204674217,"data":"epoch 5  | loss: 0.85571 |  0:01:03s\n"}
,{"stream_name":"stdout","time":1912.036767757,"data":"epoch 6  | loss: 0.82211 |  0:01:14s\n"}
,{"stream_name":"stdout","time":1923.190369099,"data":"epoch 7  | loss: 0.77125 |  0:01:25s\n"}
,{"stream_name":"stdout","time":1934.43228829,"data":"epoch 8  | loss: 0.71351 |  0:01:37s\n"}
,{"stream_name":"stdout","time":1945.690694056,"data":"epoch 9  | loss: 0.66377 |  0:01:48s\n"}
,{"stream_name":"stdout","time":1956.626276382,"data":"epoch 10 | loss: 0.63047 |  0:01:59s\n"}
,{"stream_name":"stdout","time":1967.425588733,"data":"epoch 11 | loss: 0.60186 |  0:02:10s\n"}
,{"stream_name":"stdout","time":1978.433867195,"data":"epoch 12 | loss: 0.57681 |  0:02:21s\n"}
,{"stream_name":"stdout","time":1989.115215839,"data":"epoch 13 | loss: 0.5544  |  0:02:31s\n"}
,{"stream_name":"stdout","time":1999.901615657,"data":"epoch 14 | loss: 0.53763 |  0:02:42s\n"}
,{"stream_name":"stdout","time":2010.759356743,"data":"epoch 15 | loss: 0.52846 |  0:02:53s\n"}
,{"stream_name":"stdout","time":2021.634316905,"data":"epoch 16 | loss: 0.52085 |  0:03:04s\n"}
,{"stream_name":"stdout","time":2032.494222497,"data":"epoch 17 | loss: 0.51491 |  0:03:15s\n"}
,{"stream_name":"stdout","time":2044.005670392,"data":"epoch 18 | loss: 0.51153 |  0:03:26s\n"}
,{"stream_name":"stdout","time":2055.239319025,"data":"epoch 19 | loss: 0.50764 |  0:03:37s\n"}
,{"stream_name":"stdout","time":2065.959820297,"data":"epoch 20 | loss: 0.5035  |  0:03:48s\n"}
,{"stream_name":"stdout","time":2076.490248622,"data":"epoch 21 | loss: 0.50088 |  0:03:59s\n"}
,{"stream_name":"stdout","time":2087.148388005,"data":"epoch 22 | loss: 0.4976  |  0:04:09s\n"}
,{"stream_name":"stdout","time":2097.788818511,"data":"epoch 23 | loss: 0.49506 |  0:04:20s\n"}
,{"stream_name":"stdout","time":2108.378546792,"data":"epoch 24 | loss: 0.49291 |  0:04:31s\n"}
,{"stream_name":"stdout","time":2119.154584927,"data":"epoch 25 | loss: 0.49155 |  0:04:41s\n"}
,{"stream_name":"stdout","time":2129.837304689,"data":"epoch 26 | loss: 0.48984 |  0:04:52s\n"}
,{"stream_name":"stdout","time":2140.757192279,"data":"epoch 27 | loss: 0.48848 |  0:05:03s\n"}
,{"stream_name":"stdout","time":2151.706945982,"data":"epoch 28 | loss: 0.4872  |  0:05:14s\n"}
,{"stream_name":"stdout","time":2163.03815087,"data":"epoch 29 | loss: 0.48565 |  0:05:25s\n"}
,{"stream_name":"stdout","time":2174.401669803,"data":"epoch 30 | loss: 0.48435 |  0:05:37s\n"}
,{"stream_name":"stdout","time":2185.767697,"data":"epoch 31 | loss: 0.48266 |  0:05:48s\n"}
,{"stream_name":"stdout","time":2197.008072693,"data":"epoch 32 | loss: 0.48225 |  0:05:59s\n"}
,{"stream_name":"stdout","time":2208.46192306,"data":"epoch 33 | loss: 0.48156 |  0:06:11s\n"}
,{"stream_name":"stdout","time":2219.640593156,"data":"epoch 34 | loss: 0.48092 |  0:06:22s\n"}
,{"stream_name":"stdout","time":2230.904738789,"data":"epoch 35 | loss: 0.47975 |  0:06:33s\n"}
,{"stream_name":"stdout","time":2242.29509844,"data":"epoch 36 | loss: 0.47914 |  0:06:44s\n"}
,{"stream_name":"stdout","time":2254.058201348,"data":"epoch 37 | loss: 0.47851 |  0:06:56s\n"}
,{"stream_name":"stdout","time":2265.752841049,"data":"epoch 38 | loss: 0.4775  |  0:07:08s\n"}
,{"stream_name":"stdout","time":2277.672875887,"data":"epoch 39 | loss: 0.47662 |  0:07:20s\n"}
,{"stream_name":"stdout","time":2290.671495256,"data":"epoch 40 | loss: 0.47557 |  0:07:33s\n"}
,{"stream_name":"stdout","time":2302.129873883,"data":"epoch 41 | loss: 0.4753  |  0:07:44s\n"}
,{"stream_name":"stdout","time":2313.298054953,"data":"epoch 42 | loss: 0.47545 |  0:07:56s\n"}
,{"stream_name":"stdout","time":2324.812564209,"data":"epoch 43 | loss: 0.47419 |  0:08:07s\n"}
,{"stream_name":"stdout","time":2336.082090448,"data":"epoch 44 | loss: 0.47697 |  0:08:18s\n"}
,{"stream_name":"stdout","time":2347.784190492,"data":"epoch 45 | loss: 0.47412 |  0:08:30s\n"}
,{"stream_name":"stdout","time":2359.590860836,"data":"epoch 46 | loss: 0.47376 |  0:08:42s\n"}
,{"stream_name":"stdout","time":2371.565361221,"data":"epoch 47 | loss: 0.47431 |  0:08:54s\n"}
,{"stream_name":"stdout","time":2382.935275444,"data":"epoch 48 | loss: 0.472   |  0:09:05s\n"}
,{"stream_name":"stdout","time":2394.244568489,"data":"epoch 49 | loss: 0.47344 |  0:09:16s\n"}
,{"stream_name":"stderr","time":2394.245780569,"data":"/usr/local/lib/python3.12/dist-packages/pytorch_tabnet/abstract_model.py:82: UserWarning: Device used : cuda\n"}
,{"stream_name":"stderr","time":2394.245798874,"data":"  warnings.warn(f\"Device used : {self.device}\")\n"}
,{"stream_name":"stderr","time":2394.245805338,"data":"\n"}
,{"stream_name":"stderr","time":2394.245810699,"data":"/usr/local/lib/python3.12/dist-packages/pytorch_tabnet/abstract_model.py:82: UserWarning: Device used : cuda\n"}
,{"stream_name":"stderr","time":2394.245816253,"data":"  warnings.warn(f\"Device used : {self.device}\")\n"}
,{"stream_name":"stderr","time":2394.611056389,"data":"/usr/local/lib/python3.12/dist-packages/pytorch_tabnet/abstract_model.py:248: UserWarning: Loading weights from unsupervised pretraining\n"}
,{"stream_name":"stderr","time":2394.611090788,"data":"  warnings.warn(\"Loading weights from unsupervised pretraining\")\n"}
,{"stream_name":"stderr","time":2394.61109566,"data":"\n"}
,{"stream_name":"stderr","time":2394.611099609,"data":"/usr/local/lib/python3.12/dist-packages/pytorch_tabnet/abstract_model.py:248: UserWarning: Loading weights from unsupervised pretraining\n"}
,{"stream_name":"stderr","time":2394.611103704,"data":"  warnings.warn(\"Loading weights from unsupervised pretraining\")\n"}
,{"stream_name":"stdout","time":2406.156196159,"data":"epoch 0  | loss: 0.30766 | val_0_auc: 0.96175 |  0:00:11s\n"}
,{"stream_name":"stdout","time":2417.909678168,"data":"epoch 1  | loss: 0.22187 | val_0_auc: 0.96591 |  0:00:23s\n"}
,{"stream_name":"stdout","time":2429.463713731,"data":"epoch 2  | loss: 0.21412 | val_0_auc: 0.96682 |  0:00:34s\n"}
,{"stream_name":"stdout","time":2441.013370498,"data":"epoch 3  | loss: 0.21156 | val_0_auc: 0.96653 |  0:00:46s\n"}
,{"stream_name":"stdout","time":2452.683208421,"data":"epoch 4  | loss: 0.20953 | val_0_auc: 0.96728 |  0:00:58s\n"}
,{"stream_name":"stdout","time":2464.382433196,"data":"epoch 5  | loss: 0.20758 | val_0_auc: 0.96717 |  0:01:09s\n"}
,{"stream_name":"stdout","time":2475.798826693,"data":"epoch 6  | loss: 0.20551 | val_0_auc: 0.96702 |  0:01:21s\n"}
,{"stream_name":"stdout","time":2487.240003424,"data":"epoch 7  | loss: 0.20439 | val_0_auc: 0.96743 |  0:01:32s\n"}
,{"stream_name":"stdout","time":2498.861639107,"data":"epoch 8  | loss: 0.20336 | val_0_auc: 0.96704 |  0:01:44s\n"}
,{"stream_name":"stdout","time":2510.245057179,"data":"epoch 9  | loss: 0.20164 | val_0_auc: 0.96708 |  0:01:55s\n"}
,{"stream_name":"stdout","time":2521.690510259,"data":"epoch 10 | loss: 0.20092 | val_0_auc: 0.96683 |  0:02:07s\n"}
,{"stream_name":"stdout","time":2533.617701434,"data":"epoch 11 | loss: 0.1992  | val_0_auc: 0.96676 |  0:02:19s\n"}
,{"stream_name":"stdout","time":2545.354125969,"data":"epoch 12 | loss: 0.19877 | val_0_auc: 0.96603 |  0:02:30s\n"}
,{"stream_name":"stdout","time":2557.184590378,"data":"epoch 13 | loss: 0.19869 | val_0_auc: 0.96641 |  0:02:42s\n"}
,{"stream_name":"stdout","time":2568.365571362,"data":"epoch 14 | loss: 0.19732 | val_0_auc: 0.96569 |  0:02:53s\n"}
,{"stream_name":"stdout","time":2579.705499794,"data":"epoch 15 | loss: 0.20108 | val_0_auc: 0.96551 |  0:03:05s\n"}
,{"stream_name":"stdout","time":2590.742128647,"data":"epoch 16 | loss: 0.19908 | val_0_auc: 0.96642 |  0:03:16s\n"}
,{"stream_name":"stdout","time":2601.890543031,"data":"epoch 17 | loss: 0.19673 | val_0_auc: 0.96644 |  0:03:27s\n"}
,{"stream_name":"stdout","time":2613.705166872,"data":"epoch 18 | loss: 0.19566 | val_0_auc: 0.96611 |  0:03:39s\n"}
,{"stream_name":"stdout","time":2625.405458693,"data":"epoch 19 | loss: 0.19465 | val_0_auc: 0.96584 |  0:03:50s\n"}
,{"stream_name":"stdout","time":2636.988918572,"data":"epoch 20 | loss: 0.19434 | val_0_auc: 0.96565 |  0:04:02s\n"}
,{"stream_name":"stdout","time":2648.111712092,"data":"epoch 21 | loss: 0.19419 | val_0_auc: 0.96574 |  0:04:13s\n"}
,{"stream_name":"stdout","time":2659.259444011,"data":"epoch 22 | loss: 0.19248 | val_0_auc: 0.96549 |  0:04:24s\n"}
,{"stream_name":"stdout","time":2659.259490263,"data":"\n"}
,{"stream_name":"stdout","time":2659.259495439,"data":"Early stopping occurred at epoch 22 with best_epoch = 7 and best_val_0_auc = 0.96743\n"}
,{"stream_name":"stderr","time":2659.264504629,"data":"/usr/local/lib/python3.12/dist-packages/pytorch_tabnet/callbacks.py:172: UserWarning: Best weights from best epoch are automatically used!\n"}
,{"stream_name":"stderr","time":2659.264554181,"data":"  warnings.warn(wrn_msg)\n"}
,{"stream_name":"stderr","time":2659.264560919,"data":"\n"}
,{"stream_name":"stderr","time":2659.264565166,"data":"/usr/local/lib/python3.12/dist-packages/pytorch_tabnet/callbacks.py:172: UserWarning: Best weights from best epoch are automatically used!\n"}
,{"stream_name":"stderr","time":2659.264569482,"data":"  warnings.warn(wrn_msg)\n"}
,{"stream_name":"stdout","time":2674.616217901,"data":"fold 2: val=0.96743 elapsed=2414.2s\n"}
,{"stream_name":"stderr","time":2674.910412354,"data":"/usr/local/lib/python3.12/dist-packages/pytorch_tabnet/abstract_model.py:82: UserWarning: Device used : cuda\n"}
,{"stream_name":"stderr","time":2674.910449966,"data":"  warnings.warn(f\"Device used : {self.device}\")\n"}
,{"stream_name":"stderr","time":2674.910457167,"data":"/usr/local/lib/python3.12/dist-packages/pytorch_tabnet/abstract_model.py:687: UserWarning: No early stopping will be performed, last training weights will be used.\n"}
,{"stream_name":"stderr","time":2674.910462708,"data":"  warnings.warn(wrn_msg)\n"}
,{"stream_name":"stderr","time":2674.910467336,"data":"\n"}
,{"stream_name":"stderr","time":2674.910471914,"data":"/usr/local/lib/python3.12/dist-packages/pytorch_tabnet/abstract_model.py:82: UserWarning: Device used : cuda\n"}
,{"stream_name":"stderr","time":2674.910476612,"data":"  warnings.warn(f\"Device used : {self.device}\")\n"}
,{"stream_name":"stderr","time":2674.910482041,"data":"/usr/local/lib/python3.12/dist-packages/pytorch_tabnet/abstract_model.py:687: UserWarning: No early stopping will be performed, last training weights will be used.\n"}
,{"stream_name":"stderr","time":2674.910487424,"data":"  warnings.warn(wrn_msg)\n"}
,{"stream_name":"stdout","time":2686.144742894,"data":"epoch 0  | loss: 1.24188 |  0:00:11s\n"}
,{"stream_name":"stdout","time":2697.371571967,"data":"epoch 1  | loss: 0.92116 |  0:00:22s\n"}
,{"stream_name":"stdout","time":2708.2737408,"data":"epoch 2  | loss: 0.89591 |  0:00:33s\n"}
,{"stream_name":"stdout","time":2718.958485578,"data":"epoch 3  | loss: 0.88408 |  0:00:43s\n"}
,{"stream_name":"stdout","time":2729.628462646,"data":"epoch 4  | loss: 0.8737  |  0:00:54s\n"}
,{"stream_name":"stdout","time":2740.464655081,"data":"epoch 5  | loss: 0.85567 |  0:01:05s\n"}
,{"stream_name":"stdout","time":2751.317945833,"data":"epoch 6  | loss: 0.82608 |  0:01:16s\n"}
,{"stream_name":"stdout","time":2762.53405577,"data":"epoch 7  | loss: 0.78441 |  0:01:27s\n"}
,{"stream_name":"stdout","time":2773.581884367,"data":"epoch 8  | loss: 0.73583 |  0:01:38s\n"}
,{"stream_name":"stdout","time":2784.83960237,"data":"epoch 9  | loss: 0.68736 |  0:01:49s\n"}
,{"stream_name":"stdout","time":2795.891323665,"data":"epoch 10 | loss: 0.65137 |  0:02:00s\n"}
,{"stream_name":"stdout","time":2806.484360772,"data":"epoch 11 | loss: 0.61962 |  0:02:11s\n"}
,{"stream_name":"stdout","time":2817.332868561,"data":"epoch 12 | loss: 0.59537 |  0:02:22s\n"}
,{"stream_name":"stdout","time":2827.991289358,"data":"epoch 13 | loss: 0.57648 |  0:02:33s\n"}
,{"stream_name":"stdout","time":2838.627773812,"data":"epoch 14 | loss: 0.55876 |  0:02:43s\n"}
,{"stream_name":"stdout","time":2849.536681142,"data":"epoch 15 | loss: 0.54391 |  0:02:54s\n"}
,{"stream_name":"stdout","time":2860.405482477,"data":"epoch 16 | loss: 0.53507 |  0:03:05s\n"}
,{"stream_name":"stdout","time":2871.877700584,"data":"epoch 17 | loss: 0.52701 |  0:03:16s\n"}
,{"stream_name":"stdout","time":2883.556114965,"data":"epoch 18 | loss: 0.51777 |  0:03:28s\n"}
,{"stream_name":"stdout","time":2895.116922123,"data":"epoch 19 | loss: 0.50964 |  0:03:40s\n"}
,{"stream_name":"stdout","time":2906.538991715,"data":"epoch 20 | loss: 0.50459 |  0:03:51s\n"}
,{"stream_name":"stdout","time":2917.166757602,"data":"epoch 21 | loss: 0.5019  |  0:04:02s\n"}
,{"stream_name":"stdout","time":2927.828240588,"data":"epoch 22 | loss: 0.49846 |  0:04:12s\n"}
,{"stream_name":"stdout","time":2938.675214586,"data":"epoch 23 | loss: 0.49585 |  0:04:23s\n"}
,{"stream_name":"stdout","time":2949.468589278,"data":"epoch 24 | loss: 0.49434 |  0:04:34s\n"}
,{"stream_name":"stdout","time":2960.379577798,"data":"epoch 25 | loss: 0.49323 |  0:04:45s\n"}
,{"stream_name":"stdout","time":2971.057577539,"data":"epoch 26 | loss: 0.49271 |  0:04:56s\n"}
,{"stream_name":"stdout","time":2982.03759844,"data":"epoch 27 | loss: 0.49338 |  0:05:07s\n"}
,{"stream_name":"stdout","time":2993.070102868,"data":"epoch 28 | loss: 0.49065 |  0:05:18s\n"}
,{"stream_name":"stdout","time":3004.112028027,"data":"epoch 29 | loss: 0.48829 |  0:05:29s\n"}
,{"stream_name":"stdout","time":3015.405588592,"data":"epoch 30 | loss: 0.48621 |  0:05:40s\n"}
,{"stream_name":"stdout","time":3026.423859867,"data":"epoch 31 | loss: 0.48866 |  0:05:51s\n"}
,{"stream_name":"stdout","time":3037.129128545,"data":"epoch 32 | loss: 0.49206 |  0:06:02s\n"}
,{"stream_name":"stdout","time":3047.872421629,"data":"epoch 33 | loss: 0.4883  |  0:06:12s\n"}
,{"stream_name":"stdout","time":3058.484161251,"data":"epoch 34 | loss: 0.4862  |  0:06:23s\n"}
,{"stream_name":"stdout","time":3069.146485145,"data":"epoch 35 | loss: 0.48526 |  0:06:34s\n"}
,{"stream_name":"stdout","time":3079.980596935,"data":"epoch 36 | loss: 0.48419 |  0:06:45s\n"}
,{"stream_name":"stdout","time":3090.814529399,"data":"epoch 37 | loss: 0.48316 |  0:06:55s\n"}
,{"stream_name":"stdout","time":3101.715578154,"data":"epoch 38 | loss: 0.48166 |  0:07:06s\n"}
,{"stream_name":"stdout","time":3112.735861465,"data":"epoch 39 | loss: 0.47985 |  0:07:17s\n"}
,{"stream_name":"stdout","time":3124.085256586,"data":"epoch 40 | loss: 0.4801  |  0:07:29s\n"}
,{"stream_name":"stdout","time":3135.385444045,"data":"epoch 41 | loss: 0.48419 |  0:07:40s\n"}
,{"stream_name":"stdout","time":3145.999931884,"data":"epoch 42 | loss: 0.47945 |  0:07:51s\n"}
,{"stream_name":"stdout","time":3156.577418847,"data":"epoch 43 | loss: 0.47892 |  0:08:01s\n"}
,{"stream_name":"stdout","time":3167.41611195,"data":"epoch 44 | loss: 0.4793  |  0:08:12s\n"}
,{"stream_name":"stdout","time":3177.994595243,"data":"epoch 45 | loss: 0.47565 |  0:08:23s\n"}
,{"stream_name":"stdout","time":3188.826483424,"data":"epoch 46 | loss: 0.47779 |  0:08:33s\n"}
,{"stream_name":"stdout","time":3199.479985285,"data":"epoch 47 | loss: 0.47703 |  0:08:44s\n"}
,{"stream_name":"stdout","time":3210.280957314,"data":"epoch 48 | loss: 0.47498 |  0:08:55s\n"}
,{"stream_name":"stdout","time":3221.369383788,"data":"epoch 49 | loss: 0.47487 |  0:09:06s\n"}
,{"stream_name":"stderr","time":3221.370310199,"data":"/usr/local/lib/python3.12/dist-packages/pytorch_tabnet/abstract_model.py:82: UserWarning: Device used : cuda\n"}
,{"stream_name":"stderr","time":3221.370336663,"data":"  warnings.warn(f\"Device used : {self.device}\")\n"}
,{"stream_name":"stderr","time":3221.370343017,"data":"\n"}
,{"stream_name":"stderr","time":3221.3703474,"data":"/usr/local/lib/python3.12/dist-packages/pytorch_tabnet/abstract_model.py:82: UserWarning: Device used : cuda\n"}
,{"stream_name":"stderr","time":3221.370351766,"data":"  warnings.warn(f\"Device used : {self.device}\")\n"}
,{"stream_name":"stderr","time":3221.736541984,"data":"/usr/local/lib/python3.12/dist-packages/pytorch_tabnet/abstract_model.py:248: UserWarning: Loading weights from unsupervised pretraining\n"}
,{"stream_name":"stderr","time":3221.736577882,"data":"  warnings.warn(\"Loading weights from unsupervised pretraining\")\n"}
,{"stream_name":"stderr","time":3221.736584385,"data":"\n"}
,{"stream_name":"stderr","time":3221.736588726,"data":"/usr/local/lib/python3.12/dist-packages/pytorch_tabnet/abstract_model.py:248: UserWarning: Loading weights from unsupervised pretraining\n"}
,{"stream_name":"stderr","time":3221.736593128,"data":"  warnings.warn(\"Loading weights from unsupervised pretraining\")\n"}
,{"stream_name":"stdout","time":3232.728785411,"data":"epoch 0  | loss: 0.28453 | val_0_auc: 0.96359 |  0:00:10s\n"}
,{"stream_name":"stdout","time":3243.724073191,"data":"epoch 1  | loss: 0.21921 | val_0_auc: 0.96652 |  0:00:21s\n"}
,{"stream_name":"stdout","time":3254.692318302,"data":"epoch 2  | loss: 0.21287 | val_0_auc: 0.96726 |  0:00:32s\n"}
,{"stream_name":"stdout","time":3265.688837667,"data":"epoch 3  | loss: 0.21018 | val_0_auc: 0.96715 |  0:00:43s\n"}
,{"stream_name":"stdout","time":3276.659030298,"data":"epoch 4  | loss: 0.20859 | val_0_auc: 0.96748 |  0:00:54s\n"}
,{"stream_name":"stdout","time":3287.704175972,"data":"epoch 5  | loss: 0.20619 | val_0_auc: 0.96743 |  0:01:05s\n"}
,{"stream_name":"stdout","time":3298.713703919,"data":"epoch 6  | loss: 0.20456 | val_0_auc: 0.96716 |  0:01:16s\n"}
,{"stream_name":"stdout","time":3309.831229205,"data":"epoch 7  | loss: 0.2045  | val_0_auc: 0.96648 |  0:01:28s\n"}
,{"stream_name":"stdout","time":3320.965057284,"data":"epoch 8  | loss: 0.20237 | val_0_auc: 0.96726 |  0:01:39s\n"}
,{"stream_name":"stdout","time":3332.035539646,"data":"epoch 9  | loss: 0.20073 | val_0_auc: 0.96703 |  0:01:50s\n"}
,{"stream_name":"stdout","time":3343.057532033,"data":"epoch 10 | loss: 0.19931 | val_0_auc: 0.96618 |  0:02:01s\n"}
,{"stream_name":"stdout","time":3354.030403332,"data":"epoch 11 | loss: 0.19896 | val_0_auc: 0.96646 |  0:02:12s\n"}
,{"stream_name":"stdout","time":3365.118051198,"data":"epoch 12 | loss: 0.19703 | val_0_auc: 0.96661 |  0:02:23s\n"}
,{"stream_name":"stdout","time":3376.121590063,"data":"epoch 13 | loss: 0.19664 | val_0_auc: 0.96632 |  0:02:34s\n"}
,{"stream_name":"stdout","time":3387.062814102,"data":"epoch 14 | loss: 0.19583 | val_0_auc: 0.96592 |  0:02:45s\n"}
,{"stream_name":"stdout","time":3398.157304946,"data":"epoch 15 | loss: 0.19529 | val_0_auc: 0.96617 |  0:02:56s\n"}
,{"stream_name":"stdout","time":3409.154369366,"data":"epoch 16 | loss: 0.19438 | val_0_auc: 0.96512 |  0:03:07s\n"}
,{"stream_name":"stdout","time":3420.642776359,"data":"epoch 17 | loss: 0.19334 | val_0_auc: 0.96545 |  0:03:18s\n"}
,{"stream_name":"stdout","time":3432.2895555,"data":"epoch 18 | loss: 0.1925  | val_0_auc: 0.96532 |  0:03:30s\n"}
,{"stream_name":"stdout","time":3443.551503389,"data":"epoch 19 | loss: 0.19197 | val_0_auc: 0.96507 |  0:03:41s\n"}
,{"stream_name":"stdout","time":3443.551552864,"data":"\n"}
,{"stream_name":"stdout","time":3443.551559164,"data":"Early stopping occurred at epoch 19 with best_epoch = 4 and best_val_0_auc = 0.96748\n"}
,{"stream_name":"stderr","time":3443.552458175,"data":"/usr/local/lib/python3.12/dist-packages/pytorch_tabnet/callbacks.py:172: UserWarning: Best weights from best epoch are automatically used!\n"}
,{"stream_name":"stderr","time":3443.552479502,"data":"  warnings.warn(wrn_msg)\n"}
,{"stream_name":"stderr","time":3443.552486194,"data":"\n"}
,{"stream_name":"stderr","time":3443.55249152,"data":"/usr/local/lib/python3.12/dist-packages/pytorch_tabnet/callbacks.py:172: UserWarning: Best weights from best epoch are automatically used!\n"}
,{"stream_name":"stderr","time":3443.552496344,"data":"  warnings.warn(wrn_msg)\n"}
,{"stream_name":"stdout","time":3458.010117192,"data":"fold 3: val=0.96748 elapsed=3197.6s\n"}
,{"stream_name":"stderr","time":3458.293985486,"data":"/usr/local/lib/python3.12/dist-packages/pytorch_tabnet/abstract_model.py:82: UserWarning: Device used : cuda\n"}
,{"stream_name":"stderr","time":3458.294020269,"data":"  warnings.warn(f\"Device used : {self.device}\")\n"}
,{"stream_name":"stderr","time":3458.294026354,"data":"/usr/local/lib/python3.12/dist-packages/pytorch_tabnet/abstract_model.py:687: UserWarning: No early stopping will be performed, last training weights will be used.\n"}
,{"stream_name":"stderr","time":3458.294031165,"data":"  warnings.warn(wrn_msg)\n"}
,{"stream_name":"stderr","time":3458.294035322,"data":"\n"}
,{"stream_name":"stderr","time":3458.2940399,"data":"/usr/local/lib/python3.12/dist-packages/pytorch_tabnet/abstract_model.py:82: UserWarning: Device used : cuda\n"}
,{"stream_name":"stderr","time":3458.294044469,"data":"  warnings.warn(f\"Device used : {self.device}\")\n"}
,{"stream_name":"stderr","time":3458.294048776,"data":"/usr/local/lib/python3.12/dist-packages/pytorch_tabnet/abstract_model.py:687: UserWarning: No early stopping will be performed, last training weights will be used.\n"}
,{"stream_name":"stderr","time":3458.294053272,"data":"  warnings.warn(wrn_msg)\n"}
,{"stream_name":"stdout","time":3469.358283566,"data":"epoch 0  | loss: 1.24672 |  0:00:11s\n"}
,{"stream_name":"stdout","time":3480.617178368,"data":"epoch 1  | loss: 0.92546 |  0:00:22s\n"}
,{"stream_name":"stdout","time":3492.455978714,"data":"epoch 2  | loss: 0.90299 |  0:00:34s\n"}
,{"stream_name":"stdout","time":3504.640815951,"data":"epoch 3  | loss: 0.88887 |  0:00:46s\n"}
,{"stream_name":"stdout","time":3516.501545887,"data":"epoch 4  | loss: 0.87582 |  0:00:58s\n"}
,{"stream_name":"stdout","time":3527.502558046,"data":"epoch 5  | loss: 0.85541 |  0:01:09s\n"}
,{"stream_name":"stdout","time":3538.438151616,"data":"epoch 6  | loss: 0.81957 |  0:01:20s\n"}
,{"stream_name":"stdout","time":3549.251394514,"data":"epoch 7  | loss: 0.77391 |  0:01:30s\n"}
,{"stream_name":"stdout","time":3560.041352365,"data":"epoch 8  | loss: 0.72239 |  0:01:41s\n"}
,{"stream_name":"stdout","time":3570.960462527,"data":"epoch 9  | loss: 0.67324 |  0:01:52s\n"}
,{"stream_name":"stdout","time":3582.015237394,"data":"epoch 10 | loss: 0.63034 |  0:02:03s\n"}
,{"stream_name":"stdout","time":3593.146556296,"data":"epoch 11 | loss: 0.59551 |  0:02:14s\n"}
,{"stream_name":"stdout","time":3604.531428094,"data":"epoch 12 | loss: 0.57082 |  0:02:26s\n"}
,{"stream_name":"stdout","time":3615.901119178,"data":"epoch 13 | loss: 0.55265 |  0:02:37s\n"}
,{"stream_name":"stdout","time":3627.177471064,"data":"epoch 14 | loss: 0.53878 |  0:02:48s\n"}
,{"stream_name":"stdout","time":3637.82388832,"data":"epoch 15 | loss: 0.52966 |  0:02:59s\n"}
,{"stream_name":"stdout","time":3648.449116861,"data":"epoch 16 | loss: 0.5185  |  0:03:10s\n"}
,{"stream_name":"stdout","time":3659.293378159,"data":"epoch 17 | loss: 0.5069  |  0:03:20s\n"}
,{"stream_name":"stdout","time":3670.133276509,"data":"epoch 18 | loss: 0.49684 |  0:03:31s\n"}
,{"stream_name":"stdout","time":3681.063729819,"data":"epoch 19 | loss: 0.4903  |  0:03:42s\n"}
,{"stream_name":"stdout","time":3691.857630629,"data":"epoch 20 | loss: 0.48103 |  0:03:53s\n"}
,{"stream_name":"stdout","time":3702.788713342,"data":"epoch 21 | loss: 0.4712  |  0:04:04s\n"}
,{"stream_name":"stdout","time":3713.982240114,"data":"epoch 22 | loss: 0.46273 |  0:04:15s\n"}
,{"stream_name":"stdout","time":3725.266055022,"data":"epoch 23 | loss: 0.45735 |  0:04:26s\n"}
,{"stream_name":"stdout","time":3736.677927833,"data":"epoch 24 | loss: 0.45646 |  0:04:38s\n"}
,{"stream_name":"stdout","time":3747.882565281,"data":"epoch 25 | loss: 0.45383 |  0:04:49s\n"}
,{"stream_name":"stdout","time":3759.423047554,"data":"epoch 26 | loss: 0.45116 |  0:05:01s\n"}
,{"stream_name":"stdout","time":3772.005884538,"data":"epoch 27 | loss: 0.44933 |  0:05:13s\n"}
,{"stream_name":"stdout","time":3783.622616954,"data":"epoch 28 | loss: 0.44884 |  0:05:25s\n"}
,{"stream_name":"stdout","time":3794.44047567,"data":"epoch 29 | loss: 0.44842 |  0:05:36s\n"}
,{"stream_name":"stdout","time":3805.472625246,"data":"epoch 30 | loss: 0.4466  |  0:05:47s\n"}
,{"stream_name":"stdout","time":3816.55210232,"data":"epoch 31 | loss: 0.44683 |  0:05:58s\n"}
,{"stream_name":"stdout","time":3827.618461628,"data":"epoch 32 | loss: 0.4453  |  0:06:09s\n"}
,{"stream_name":"stdout","time":3838.680660661,"data":"epoch 33 | loss: 0.44339 |  0:06:20s\n"}
,{"stream_name":"stdout","time":3850.028264446,"data":"epoch 34 | loss: 0.44298 |  0:06:31s\n"}
,{"stream_name":"stdout","time":3861.539965764,"data":"epoch 35 | loss: 0.44255 |  0:06:43s\n"}
,{"stream_name":"stdout","time":3872.246367173,"data":"epoch 36 | loss: 0.44236 |  0:06:53s\n"}
,{"stream_name":"stdout","time":3882.970136276,"data":"epoch 37 | loss: 0.44194 |  0:07:04s\n"}
,{"stream_name":"stdout","time":3893.871475585,"data":"epoch 38 | loss: 0.44074 |  0:07:15s\n"}
,{"stream_name":"stdout","time":3904.700870562,"data":"epoch 39 | loss: 0.43935 |  0:07:26s\n"}
,{"stream_name":"stdout","time":3915.669160802,"data":"epoch 40 | loss: 0.43832 |  0:07:37s\n"}
,{"stream_name":"stdout","time":3926.422891754,"data":"epoch 41 | loss: 0.43833 |  0:07:48s\n"}
,{"stream_name":"stdout","time":3937.302037248,"data":"epoch 42 | loss: 0.43695 |  0:07:58s\n"}
,{"stream_name":"stdout","time":3948.517653052,"data":"epoch 43 | loss: 0.43643 |  0:08:10s\n"}
,{"stream_name":"stdout","time":3959.646663376,"data":"epoch 44 | loss: 0.43653 |  0:08:21s\n"}
,{"stream_name":"stdout","time":3971.183822949,"data":"epoch 45 | loss: 0.43627 |  0:08:32s\n"}
,{"stream_name":"stdout","time":3982.148743064,"data":"epoch 46 | loss: 0.43511 |  0:08:43s\n"}
,{"stream_name":"stdout","time":3992.769828669,"data":"epoch 47 | loss: 0.4354  |  0:08:54s\n"}
,{"stream_name":"stdout","time":4003.620472853,"data":"epoch 48 | loss: 0.43404 |  0:09:05s\n"}
,{"stream_name":"stdout","time":4014.307653719,"data":"epoch 49 | loss: 0.43415 |  0:09:15s\n"}
,{"stream_name":"stderr","time":4014.308574856,"data":"/usr/local/lib/python3.12/dist-packages/pytorch_tabnet/abstract_model.py:82: UserWarning: Device used : cuda\n"}
,{"stream_name":"stderr","time":4014.308617093,"data":"  warnings.warn(f\"Device used : {self.device}\")\n"}
,{"stream_name":"stderr","time":4014.308623454,"data":"\n"}
,{"stream_name":"stderr","time":4014.308627609,"data":"/usr/local/lib/python3.12/dist-packages/pytorch_tabnet/abstract_model.py:82: UserWarning: Device used : cuda\n"}
,{"stream_name":"stderr","time":4014.308631795,"data":"  warnings.warn(f\"Device used : {self.device}\")\n"}
,{"stream_name":"stderr","time":4014.651204341,"data":"/usr/local/lib/python3.12/dist-packages/pytorch_tabnet/abstract_model.py:248: UserWarning: Loading weights from unsupervised pretraining\n"}
,{"stream_name":"stderr","time":4014.651239589,"data":"  warnings.warn(\"Loading weights from unsupervised pretraining\")\n"}
,{"stream_name":"stderr","time":4014.651244777,"data":"\n"}
,{"stream_name":"stderr","time":4014.651248909,"data":"/usr/local/lib/python3.12/dist-packages/pytorch_tabnet/abstract_model.py:248: UserWarning: Loading weights from unsupervised pretraining\n"}
,{"stream_name":"stderr","time":4014.651253744,"data":"  warnings.warn(\"Loading weights from unsupervised pretraining\")\n"}
,{"stream_name":"stdout","time":4025.820431538,"data":"epoch 0  | loss: 0.27668 | val_0_auc: 0.96273 |  0:00:11s\n"}
,{"stream_name":"stdout","time":4036.988886656,"data":"epoch 1  | loss: 0.21839 | val_0_auc: 0.96593 |  0:00:22s\n"}
,{"stream_name":"stdout","time":4048.041282564,"data":"epoch 2  | loss: 0.21263 | val_0_auc: 0.96654 |  0:00:33s\n"}
,{"stream_name":"stdout","time":4059.135853168,"data":"epoch 3  | loss: 0.20872 | val_0_auc: 0.96631 |  0:00:44s\n"}
,{"stream_name":"stdout","time":4070.369547825,"data":"epoch 4  | loss: 0.20754 | val_0_auc: 0.96664 |  0:00:55s\n"}
,{"stream_name":"stdout","time":4081.47510312,"data":"epoch 5  | loss: 0.20511 | val_0_auc: 0.96627 |  0:01:06s\n"}
,{"stream_name":"stdout","time":4092.657909806,"data":"epoch 6  | loss: 0.20428 | val_0_auc: 0.96636 |  0:01:18s\n"}
,{"stream_name":"stdout","time":4103.720736476,"data":"epoch 7  | loss: 0.20305 | val_0_auc: 0.96628 |  0:01:29s\n"}
,{"stream_name":"stdout","time":4114.817216048,"data":"epoch 8  | loss: 0.20175 | val_0_auc: 0.9662  |  0:01:40s\n"}
,{"stream_name":"stdout","time":4125.919893702,"data":"epoch 9  | loss: 0.20068 | val_0_auc: 0.96593 |  0:01:51s\n"}
,{"stream_name":"stdout","time":4136.975198158,"data":"epoch 10 | loss: 0.19979 | val_0_auc: 0.96609 |  0:02:02s\n"}
,{"stream_name":"stdout","time":4148.125584487,"data":"epoch 11 | loss: 0.19856 | val_0_auc: 0.96586 |  0:02:13s\n"}
,{"stream_name":"stdout","time":4159.0866077,"data":"epoch 12 | loss: 0.19781 | val_0_auc: 0.96546 |  0:02:24s\n"}
,{"stream_name":"stdout","time":4170.047616925,"data":"epoch 13 | loss: 0.19686 | val_0_auc: 0.96547 |  0:02:35s\n"}
,{"stream_name":"stdout","time":4181.027496223,"data":"epoch 14 | loss: 0.19583 | val_0_auc: 0.96521 |  0:02:46s\n"}
,{"stream_name":"stdout","time":4192.100561901,"data":"epoch 15 | loss: 0.19535 | val_0_auc: 0.96544 |  0:02:57s\n"}
,{"stream_name":"stdout","time":4203.156268338,"data":"epoch 16 | loss: 0.19437 | val_0_auc: 0.96533 |  0:03:08s\n"}
,{"stream_name":"stdout","time":4214.344773236,"data":"epoch 17 | loss: 0.19379 | val_0_auc: 0.96507 |  0:03:19s\n"}
,{"stream_name":"stdout","time":4225.471898151,"data":"epoch 18 | loss: 0.19267 | val_0_auc: 0.96471 |  0:03:30s\n"}
,{"stream_name":"stdout","time":4236.512027511,"data":"epoch 19 | loss: 0.19246 | val_0_auc: 0.96521 |  0:03:41s\n"}
,{"stream_name":"stdout","time":4236.51206974,"data":"\n"}
,{"stream_name":"stdout","time":4236.512074598,"data":"Early stopping occurred at epoch 19 with best_epoch = 4 and best_val_0_auc = 0.96664\n"}
,{"stream_name":"stderr","time":4236.517201466,"data":"/usr/local/lib/python3.12/dist-packages/pytorch_tabnet/callbacks.py:172: UserWarning: Best weights from best epoch are automatically used!\n"}
,{"stream_name":"stderr","time":4236.517217884,"data":"  warnings.warn(wrn_msg)\n"}
,{"stream_name":"stderr","time":4236.517221397,"data":"\n"}
,{"stream_name":"stderr","time":4236.517224501,"data":"/usr/local/lib/python3.12/dist-packages/pytorch_tabnet/callbacks.py:172: UserWarning: Best weights from best epoch are automatically used!\n"}
,{"stream_name":"stderr","time":4236.517227987,"data":"  warnings.warn(wrn_msg)\n"}
,{"stream_name":"stdout","time":4251.057263557,"data":"fold 4: val=0.96664 elapsed=3990.7s\n"}
,{"stream_name":"stdout","time":4251.057300844,"data":"\n"}
,{"stream_name":"stdout","time":4251.05730701,"data":"TabNet OOF AUC = 0.96677  fold間std=0.00038\n"}
,{"stream_name":"stdout","time":4251.057313618,"data":"total elapsed = 66.5 min\n"}
,{"stream_name":"stdout","time":4251.057318673,"data":"参考 exp142(RealMLP専用HP)=0.96790  exp130(LookupTransformer)=0.96823  exp165(DeepFM調整後)=0.96270\n"}
,{"stream_name":"stdout","time":4251.057323721,"data":"saved: /kaggle/working/oof_172_tabnet.npy, /kaggle/working/test_172_tabnet.npy\n"}
,{"stream_name":"stderr","time":4254.568611193,"data":"/usr/local/lib/python3.12/dist-packages/mistune.py:435: SyntaxWarning: invalid escape sequence '\\|'\n"}
,{"stream_name":"stderr","time":4254.568638858,"data":"  cells[i][c] = re.sub('\\\\\\\\\\|', '|', cell)\n"}
,{"stream_name":"stderr","time":4254.712374617,"data":"/usr/local/lib/python3.12/dist-packages/nbconvert/filters/filter_links.py:36: SyntaxWarning: invalid escape sequence '\\_'\n"}
,{"stream_name":"stderr","time":4254.712403129,"data":"  text = re.sub(r'_', '\\_', text) # Escape underscores in display text\n"}
,{"stream_name":"stderr","time":4255.341302609,"data":"[NbConvertApp] Converting notebook __notebook__.ipynb to notebook\n"}
,{"stream_name":"stderr","time":4255.682161452,"data":"[NbConvertApp] Writing 46525 bytes to __notebook__.ipynb\n"}
,{"stream_name":"stderr","time":4258.08006159,"data":"[NbConvertApp] Converting notebook __notebook__.ipynb to html\n"}
,{"stream_name":"stderr","time":4258.931333675,"data":"[NbConvertApp] Writing 359900 bytes to __results__.html\n"}
]