[{"stream_name":"stderr","time":7.85149733,"data":"0.00s - Debugger warning: It seems that frozen modules are being used, which may\n"}
,{"stream_name":"stderr","time":7.85155095,"data":"0.00s - make the debugger miss breakpoints. Please pass -Xfrozen_modules=off\n"}
,{"stream_name":"stderr","time":7.85155621,"data":"0.00s - to python to disable frozen modules.\n"}
,{"stream_name":"stderr","time":7.851559107,"data":"0.00s - Note: Debugging will proceed. Set PYDEVD_DISABLE_FILE_VALIDATION=1 to disable this validation.\n"}
,{"stream_name":"stderr","time":8.517722782,"data":"0.00s - Debugger warning: It seems that frozen modules are being used, which may\n"}
,{"stream_name":"stderr","time":8.517756952,"data":"0.00s - make the debugger miss breakpoints. Please pass -Xfrozen_modules=off\n"}
,{"stream_name":"stderr","time":8.517762403,"data":"0.00s - to python to disable frozen modules.\n"}
,{"stream_name":"stderr","time":8.517766868,"data":"0.00s - Note: Debugging will proceed. Set PYDEVD_DISABLE_FILE_VALIDATION=1 to disable this validation.\n"}
,{"stream_name":"stdout","time":12.498253207,"data":"detected GPU: 'Tesla P100-PCIE-16GB'\n"}
,{"stream_name":"stdout","time":12.499343473,"data":"P100 detected -\u003e reinstalling torch cu118 build (retains Pascal/sm_60 support)\n"}
,{"stream_name":"stdout","time":25.847429391,"data":"     ━━━━━━━━━━━━━━━━━━━━━━━━━━━━━━━━━━━━━━━ 839.6/839.6 MB 1.9 MB/s eta 0:00:00\n"}
,{"stream_name":"stdout","time":26.049887867,"data":"     ━━━━━━━━━━━━━━━━━━━━━━━━━━━━━━━━━━━━━━━ 839.6/839.6 MB 1.9 MB/s eta 0:00:00\n"}
,{"stream_name":"stdout","time":28.995195751,"data":"     ━━━━━━━━━━━━━━━━━━━━━━━━━━━━━━━━━━━━━━━━ 23.2/23.2 MB 65.6 MB/s eta 0:00:00\n"}
,{"stream_name":"stdout","time":29.173786644,"data":"     ━━━━━━━━━━━━━━━━━━━━━━━━━━━━━━━━━━━━━━ 875.6/875.6 kB 41.8 MB/s eta 0:00:00\n"}
,{"stream_name":"stdout","time":29.197263471,"data":"     ━━━━━━━━━━━━━━━━━━━━━━━━━━━━━━━━━━━━━━━━ 23.2/23.2 MB 65.6 MB/s eta 0:00:00\n"}
,{"stream_name":"stdout","time":29.197289742,"data":"     ━━━━━━━━━━━━━━━━━━━━━━━━━━━━━━━━━━━━━━ 875.6/875.6 kB 41.8 MB/s eta 0:00:00\n"}
,{"stream_name":"stdout","time":29.398866464,"data":"     ━━━━━━━━━━━━━━━━━━━━━━━━━━━━━━━━━━━━━━━━ 13.1/13.1 MB 84.3 MB/s eta 0:00:00\n"}
,{"stream_name":"stdout","time":29.601096768,"data":"     ━━━━━━━━━━━━━━━━━━━━━━━━━━━━━━━━━━━━━━━━ 13.1/13.1 MB 84.3 MB/s eta 0:00:00\n"}
,{"stream_name":"stdout","time":37.843425149,"data":"     ━━━━━━━━━━━━━━━━━━━━━━━━━━━━━━━━━━━━━━━ 728.5/728.5 MB 2.1 MB/s eta 0:00:00\n"}
,{"stream_name":"stdout","time":38.045978726,"data":"     ━━━━━━━━━━━━━━━━━━━━━━━━━━━━━━━━━━━━━━━ 728.5/728.5 MB 2.1 MB/s eta 0:00:00\n"}
,{"stream_name":"stdout","time":46.165753624,"data":"     ━━━━━━━━━━━━━━━━━━━━━━━━━━━━━━━━━━━━━━━ 417.9/417.9 MB 3.2 MB/s eta 0:00:00\n"}
,{"stream_name":"stdout","time":46.369432224,"data":"     ━━━━━━━━━━━━━━━━━━━━━━━━━━━━━━━━━━━━━━━ 417.9/417.9 MB 3.2 MB/s eta 0:00:00\n"}
,{"stream_name":"stdout","time":49.624313783,"data":"     ━━━━━━━━━━━━━━━━━━━━━━━━━━━━━━━━━━━━━━━ 168.4/168.4 MB 9.3 MB/s eta 0:00:00\n"}
,{"stream_name":"stdout","time":49.827094816,"data":"     ━━━━━━━━━━━━━━━━━━━━━━━━━━━━━━━━━━━━━━━ 168.4/168.4 MB 9.3 MB/s eta 0:00:00\n"}
,{"stream_name":"stdout","time":51.674791849,"data":"     ━━━━━━━━━━━━━━━━━━━━━━━━━━━━━━━━━━━━━━━━ 58.1/58.1 MB 31.8 MB/s eta 0:00:00\n"}
,{"stream_name":"stdout","time":51.876837435,"data":"     ━━━━━━━━━━━━━━━━━━━━━━━━━━━━━━━━━━━━━━━━ 58.1/58.1 MB 31.8 MB/s eta 0:00:00\n"}
,{"stream_name":"stdout","time":53.397368514,"data":"     ━━━━━━━━━━━━━━━━━━━━━━━━━━━━━━━━━━━━━━ 128.2/128.2 MB 14.4 MB/s eta 0:00:00\n"}
,{"stream_name":"stdout","time":53.600610711,"data":"     ━━━━━━━━━━━━━━━━━━━━━━━━━━━━━━━━━━━━━━ 128.2/128.2 MB 14.4 MB/s eta 0:00:00\n"}
,{"stream_name":"stdout","time":56.787497583,"data":"     ━━━━━━━━━━━━━━━━━━━━━━━━━━━━━━━━━━━━━━━ 204.1/204.1 MB 8.9 MB/s eta 0:00:00\n"}
,{"stream_name":"stdout","time":56.989990685,"data":"     ━━━━━━━━━━━━━━━━━━━━━━━━━━━━━━━━━━━━━━━ 204.1/204.1 MB 8.9 MB/s eta 0:00:00\n"}
,{"stream_name":"stdout","time":58.98506968,"data":"     ━━━━━━━━━━━━━━━━━━━━━━━━━━━━━━━━━━━━━━ 142.9/142.9 MB 13.0 MB/s eta 0:00:00\n"}
,{"stream_name":"stdout","time":59.1906569,"data":"     ━━━━━━━━━━━━━━━━━━━━━━━━━━━━━━━━━━━━━━ 142.9/142.9 MB 13.0 MB/s eta 0:00:00\n"}
,{"stream_name":"stdout","time":61.442145267,"data":"     ━━━━━━━━━━━━━━━━━━━━━━━━━━━━━━━━━━━━━━━━ 99.1/99.1 kB 6.0 MB/s eta 0:00:00\n"}
,{"stream_name":"stdout","time":61.644337533,"data":"     ━━━━━━━━━━━━━━━━━━━━━━━━━━━━━━━━━━━━━━━━ 99.1/99.1 kB 6.0 MB/s eta 0:00:00\n"}
,{"stream_name":"stderr","time":141.908710432,"data":"ERROR: pip's dependency resolver does not currently take into account all the packages that are installed. This behaviour is the source of the following dependency conflicts.\n"}
,{"stream_name":"stderr","time":141.908767988,"data":"torchaudio 2.10.0+cu128 requires torch==2.10.0, but you have torch 2.3.1+cu118 which is incompatible.\n"}
,{"stream_name":"stderr","time":141.908775298,"data":"torchvision 0.25.0+cu128 requires torch==2.10.0, but you have torch 2.3.1+cu118 which is incompatible.\n"}
,{"stream_name":"stderr","time":142.113910114,"data":"ERROR: pip's dependency resolver does not currently take into account all the packages that are installed. This behaviour is the source of the following dependency conflicts.\n"}
,{"stream_name":"stderr","time":142.113937484,"data":"torchaudio 2.10.0+cu128 requires torch==2.10.0, but you have torch 2.3.1+cu118 which is incompatible.\n"}
,{"stream_name":"stderr","time":142.113943709,"data":"torchvision 0.25.0+cu128 requires torch==2.10.0, but you have torch 2.3.1+cu118 which is incompatible.\n"}
,{"stream_name":"stderr","time":142.114118069,"data":"\n"}
,{"stream_name":"stderr","time":142.114127945,"data":"ERROR: pip's dependency resolver does not currently take into account all the packages that are installed. This behaviour is the source of the following dependency conflicts.\n"}
,{"stream_name":"stderr","time":142.114141979,"data":"torchaudio 2.10.0+cu128 requires torch==2.10.0, but you have torch 2.3.1+cu118 which is incompatible.\n"}
,{"stream_name":"stderr","time":142.114146704,"data":"torchvision 0.25.0+cu128 requires torch==2.10.0, but you have torch 2.3.1+cu118 which is incompatible.\n"}
,{"stream_name":"stdout","time":146.256899632,"data":"   ━━━━━━━━━━━━━━━━━━━━━━━━━━━━━━━━━━━━━━━━ 44.5/44.5 kB 1.6 MB/s eta 0:00:00\n"}
,{"stream_name":"stdout","time":146.459439895,"data":"   ━━━━━━━━━━━━━━━━━━━━━━━━━━━━━━━━━━━━━━━━ 44.5/44.5 kB 1.6 MB/s eta 0:00:00\n"}
,{"stream_name":"stdout","time":150.81458146,"data":"COMP_DIR = /kaggle/input/competitions/playground-series-s6e8\n"}
,{"stream_name":"stdout","time":152.862208192,"data":"train: (691369, 14), test: (296302, 13)\n"}
,{"stream_name":"stdout","time":152.862244762,"data":"補完値(imp_*)を計算中（train+test結合、transductive、seed非依存で1回のみ）...\n"}
,{"stream_name":"stdout","time":169.942904008,"data":"  imp_age: 欠損46,067件を補完\n"}
,{"stream_name":"stdout","time":187.73082375,"data":"  imp_daily_screen_time_hours: 欠損128,642件を補完\n"}
,{"stream_name":"stdout","time":204.238453658,"data":"  imp_social_media_hours: 欠損181,392件を補完\n"}
,{"stream_name":"stdout","time":219.90411493,"data":"  imp_gaming_hours: 欠損186,241件を補完\n"}
,{"stream_name":"stdout","time":236.159999337,"data":"  imp_work_study_hours: 欠損79,295件を補完\n"}
,{"stream_name":"stdout","time":250.581990947,"data":"  imp_sleep_hours: 欠損66,935件を補完\n"}
,{"stream_name":"stdout","time":264.276957522,"data":"  imp_notifications_per_day: 欠損101,805件を補完\n"}
,{"stream_name":"stdout","time":279.077668369,"data":"  imp_app_opens_per_day: 欠損106,415件を補完\n"}
,{"stream_name":"stdout","time":295.062368939,"data":"  imp_weekend_screen_time: 欠損162,760件を補完\n"}
,{"stream_name":"stdout","time":295.872393892,"data":"n_features = 22, device=cuda, HP={'n_d': 24, 'n_steps': 3, 'gamma': 1.7586741139658726, 'cat_emb_dim': 2, 'lambda_sparse': 0.0020873384833003084, 'momentum': 0.27505083500635796, 'lr': 0.010227746345763936}\n"}
,{"stream_name":"stderr","time":301.082188864,"data":"/usr/local/lib/python3.12/dist-packages/pytorch_tabnet/abstract_model.py:687: UserWarning: No early stopping will be performed, last training weights will be used.\n"}
,{"stream_name":"stderr","time":301.082238349,"data":"  warnings.warn(wrn_msg)\n"}
,{"stream_name":"stderr","time":301.082245879,"data":"\n"}
,{"stream_name":"stderr","time":301.082251715,"data":"/usr/local/lib/python3.12/dist-packages/pytorch_tabnet/abstract_model.py:687: UserWarning: No early stopping will be performed, last training weights will be used.\n"}
,{"stream_name":"stderr","time":301.082258415,"data":"  warnings.warn(wrn_msg)\n"}
,{"stream_name":"stderr","time":808.238331819,"data":"/usr/local/lib/python3.12/dist-packages/pytorch_tabnet/abstract_model.py:248: UserWarning: Loading weights from unsupervised pretraining\n"}
,{"stream_name":"stderr","time":808.23838664,"data":"  warnings.warn(\"Loading weights from unsupervised pretraining\")\n"}
,{"stream_name":"stderr","time":808.238393546,"data":"\n"}
,{"stream_name":"stderr","time":808.238398614,"data":"/usr/local/lib/python3.12/dist-packages/pytorch_tabnet/abstract_model.py:248: UserWarning: Loading weights from unsupervised pretraining\n"}
,{"stream_name":"stderr","time":808.238413957,"data":"  warnings.warn(\"Loading weights from unsupervised pretraining\")\n"}
,{"stream_name":"stdout","time":1134.591226306,"data":"\n"}
,{"stream_name":"stdout","time":1134.591300487,"data":"Early stopping occurred at epoch 30 with best_epoch = 15 and best_val_0_auc = 0.96799\n"}
,{"stream_name":"stderr","time":1134.592280067,"data":"/usr/local/lib/python3.12/dist-packages/pytorch_tabnet/callbacks.py:172: UserWarning: Best weights from best epoch are automatically used!\n"}
,{"stream_name":"stderr","time":1134.592302169,"data":"  warnings.warn(wrn_msg)\n"}
,{"stream_name":"stderr","time":1134.592308193,"data":"\n"}
,{"stream_name":"stderr","time":1134.592312825,"data":"/usr/local/lib/python3.12/dist-packages/pytorch_tabnet/callbacks.py:172: UserWarning: Best weights from best epoch are automatically used!\n"}
,{"stream_name":"stderr","time":1134.592331962,"data":"  warnings.warn(wrn_msg)\n"}
,{"stream_name":"stdout","time":1147.78155167,"data":"  seed=0 fold=0: val=0.96799 elapsed=851.9s\n"}
,{"stream_name":"stderr","time":1148.160140769,"data":"/usr/local/lib/python3.12/dist-packages/pytorch_tabnet/abstract_model.py:687: UserWarning: No early stopping will be performed, last training weights will be used.\n"}
,{"stream_name":"stderr","time":1148.160176978,"data":"  warnings.warn(wrn_msg)\n"}
,{"stream_name":"stderr","time":1148.160182458,"data":"\n"}
,{"stream_name":"stderr","time":1148.160186992,"data":"/usr/local/lib/python3.12/dist-packages/pytorch_tabnet/abstract_model.py:687: UserWarning: No early stopping will be performed, last training weights will be used.\n"}
,{"stream_name":"stderr","time":1148.160192033,"data":"  warnings.warn(wrn_msg)\n"}
,{"stream_name":"stderr","time":1653.806265992,"data":"/usr/local/lib/python3.12/dist-packages/pytorch_tabnet/abstract_model.py:248: UserWarning: Loading weights from unsupervised pretraining\n"}
,{"stream_name":"stderr","time":1653.806305474,"data":"  warnings.warn(\"Loading weights from unsupervised pretraining\")\n"}
,{"stream_name":"stderr","time":1653.806312142,"data":"\n"}
,{"stream_name":"stderr","time":1653.806317112,"data":"/usr/local/lib/python3.12/dist-packages/pytorch_tabnet/abstract_model.py:248: UserWarning: Loading weights from unsupervised pretraining\n"}
,{"stream_name":"stderr","time":1653.806323623,"data":"  warnings.warn(\"Loading weights from unsupervised pretraining\")\n"}
,{"stream_name":"stdout","time":1969.972540778,"data":"\n"}
,{"stream_name":"stdout","time":1969.972597447,"data":"Early stopping occurred at epoch 28 with best_epoch = 13 and best_val_0_auc = 0.96722\n"}
,{"stream_name":"stderr","time":1969.973583478,"data":"/usr/local/lib/python3.12/dist-packages/pytorch_tabnet/callbacks.py:172: UserWarning: Best weights from best epoch are automatically used!\n"}
,{"stream_name":"stderr","time":1969.973607418,"data":"  warnings.warn(wrn_msg)\n"}
,{"stream_name":"stderr","time":1969.973613222,"data":"\n"}
,{"stream_name":"stderr","time":1969.973618515,"data":"/usr/local/lib/python3.12/dist-packages/pytorch_tabnet/callbacks.py:172: UserWarning: Best weights from best epoch are automatically used!\n"}
,{"stream_name":"stderr","time":1969.973624468,"data":"  warnings.warn(wrn_msg)\n"}
,{"stream_name":"stdout","time":1983.117208103,"data":"  seed=0 fold=1: val=0.96722 elapsed=1687.2s\n"}
,{"stream_name":"stderr","time":1983.48126791,"data":"/usr/local/lib/python3.12/dist-packages/pytorch_tabnet/abstract_model.py:687: UserWarning: No early stopping will be performed, last training weights will be used.\n"}
,{"stream_name":"stderr","time":1983.481306162,"data":"  warnings.warn(wrn_msg)\n"}
,{"stream_name":"stderr","time":1983.481312226,"data":"\n"}
,{"stream_name":"stderr","time":1983.481337081,"data":"/usr/local/lib/python3.12/dist-packages/pytorch_tabnet/abstract_model.py:687: UserWarning: No early stopping will be performed, last training weights will be used.\n"}
,{"stream_name":"stderr","time":1983.481341948,"data":"  warnings.warn(wrn_msg)\n"}
,{"stream_name":"stderr","time":2496.176025213,"data":"/usr/local/lib/python3.12/dist-packages/pytorch_tabnet/abstract_model.py:248: UserWarning: Loading weights from unsupervised pretraining\n"}
,{"stream_name":"stderr","time":2496.176061224,"data":"  warnings.warn(\"Loading weights from unsupervised pretraining\")\n"}
,{"stream_name":"stderr","time":2496.176067235,"data":"\n"}
,{"stream_name":"stderr","time":2496.176071564,"data":"/usr/local/lib/python3.12/dist-packages/pytorch_tabnet/abstract_model.py:248: UserWarning: Loading weights from unsupervised pretraining\n"}
,{"stream_name":"stderr","time":2496.176076285,"data":"  warnings.warn(\"Loading weights from unsupervised pretraining\")\n"}
,{"stream_name":"stdout","time":2778.753558493,"data":"\n"}
,{"stream_name":"stdout","time":2778.753596379,"data":"Early stopping occurred at epoch 26 with best_epoch = 11 and best_val_0_auc = 0.96765\n"}
,{"stream_name":"stderr","time":2778.754513535,"data":"/usr/local/lib/python3.12/dist-packages/pytorch_tabnet/callbacks.py:172: UserWarning: Best weights from best epoch are automatically used!\n"}
,{"stream_name":"stderr","time":2778.754537873,"data":"  warnings.warn(wrn_msg)\n"}
,{"stream_name":"stderr","time":2778.754544082,"data":"\n"}
,{"stream_name":"stderr","time":2778.754549389,"data":"/usr/local/lib/python3.12/dist-packages/pytorch_tabnet/callbacks.py:172: UserWarning: Best weights from best epoch are automatically used!\n"}
,{"stream_name":"stderr","time":2778.754555197,"data":"  warnings.warn(wrn_msg)\n"}
,{"stream_name":"stdout","time":2791.615887841,"data":"  seed=0 fold=2: val=0.96765 elapsed=2495.7s\n"}
,{"stream_name":"stderr","time":2791.966927966,"data":"/usr/local/lib/python3.12/dist-packages/pytorch_tabnet/abstract_model.py:687: UserWarning: No early stopping will be performed, last training weights will be used.\n"}
,{"stream_name":"stderr","time":2791.966965928,"data":"  warnings.warn(wrn_msg)\n"}
,{"stream_name":"stderr","time":2791.966971371,"data":"\n"}
,{"stream_name":"stderr","time":2791.966975827,"data":"/usr/local/lib/python3.12/dist-packages/pytorch_tabnet/abstract_model.py:687: UserWarning: No early stopping will be performed, last training weights will be used.\n"}
,{"stream_name":"stderr","time":2791.96698097,"data":"  warnings.warn(wrn_msg)\n"}
,{"stream_name":"stderr","time":3297.99868981,"data":"/usr/local/lib/python3.12/dist-packages/pytorch_tabnet/abstract_model.py:248: UserWarning: Loading weights from unsupervised pretraining\n"}
,{"stream_name":"stderr","time":3297.99872503,"data":"  warnings.warn(\"Loading weights from unsupervised pretraining\")\n"}
,{"stream_name":"stderr","time":3297.998729845,"data":"\n"}
,{"stream_name":"stderr","time":3297.998733574,"data":"/usr/local/lib/python3.12/dist-packages/pytorch_tabnet/abstract_model.py:248: UserWarning: Loading weights from unsupervised pretraining\n"}
,{"stream_name":"stderr","time":3297.998737723,"data":"  warnings.warn(\"Loading weights from unsupervised pretraining\")\n"}
,{"stream_name":"stdout","time":3605.915594929,"data":"\n"}
,{"stream_name":"stdout","time":3605.915634858,"data":"Early stopping occurred at epoch 28 with best_epoch = 13 and best_val_0_auc = 0.96698\n"}
,{"stream_name":"stderr","time":3605.916880865,"data":"/usr/local/lib/python3.12/dist-packages/pytorch_tabnet/callbacks.py:172: UserWarning: Best weights from best epoch are automatically used!\n"}
,{"stream_name":"stderr","time":3605.916905329,"data":"  warnings.warn(wrn_msg)\n"}
,{"stream_name":"stderr","time":3605.916920272,"data":"\n"}
,{"stream_name":"stderr","time":3605.91692316,"data":"/usr/local/lib/python3.12/dist-packages/pytorch_tabnet/callbacks.py:172: UserWarning: Best weights from best epoch are automatically used!\n"}
,{"stream_name":"stderr","time":3605.916926005,"data":"  warnings.warn(wrn_msg)\n"}
,{"stream_name":"stdout","time":3618.55960619,"data":"  seed=0 fold=3: val=0.96698 elapsed=3322.7s\n"}
,{"stream_name":"stderr","time":3618.931448636,"data":"/usr/local/lib/python3.12/dist-packages/pytorch_tabnet/abstract_model.py:687: UserWarning: No early stopping will be performed, last training weights will be used.\n"}
,{"stream_name":"stderr","time":3618.931490289,"data":"  warnings.warn(wrn_msg)\n"}
,{"stream_name":"stderr","time":3618.931495061,"data":"\n"}
,{"stream_name":"stderr","time":3618.931498586,"data":"/usr/local/lib/python3.12/dist-packages/pytorch_tabnet/abstract_model.py:687: UserWarning: No early stopping will be performed, last training weights will be used.\n"}
,{"stream_name":"stderr","time":3618.931503463,"data":"  warnings.warn(wrn_msg)\n"}
,{"stream_name":"stderr","time":4121.158542356,"data":"/usr/local/lib/python3.12/dist-packages/pytorch_tabnet/abstract_model.py:248: UserWarning: Loading weights from unsupervised pretraining\n"}
,{"stream_name":"stderr","time":4121.158607634,"data":"  warnings.warn(\"Loading weights from unsupervised pretraining\")\n"}
,{"stream_name":"stderr","time":4121.158616452,"data":"\n"}
,{"stream_name":"stderr","time":4121.15862087,"data":"/usr/local/lib/python3.12/dist-packages/pytorch_tabnet/abstract_model.py:248: UserWarning: Loading weights from unsupervised pretraining\n"}
,{"stream_name":"stderr","time":4121.158625486,"data":"  warnings.warn(\"Loading weights from unsupervised pretraining\")\n"}
,{"stream_name":"stdout","time":4390.258321548,"data":"\n"}
,{"stream_name":"stdout","time":4390.258359722,"data":"Early stopping occurred at epoch 25 with best_epoch = 10 and best_val_0_auc = 0.96788\n"}
,{"stream_name":"stderr","time":4390.259421828,"data":"/usr/local/lib/python3.12/dist-packages/pytorch_tabnet/callbacks.py:172: UserWarning: Best weights from best epoch are automatically used!\n"}
,{"stream_name":"stderr","time":4390.25944397,"data":"  warnings.warn(wrn_msg)\n"}
,{"stream_name":"stderr","time":4390.259449693,"data":"\n"}
,{"stream_name":"stderr","time":4390.259455064,"data":"/usr/local/lib/python3.12/dist-packages/pytorch_tabnet/callbacks.py:172: UserWarning: Best weights from best epoch are automatically used!\n"}
,{"stream_name":"stderr","time":4390.2594643,"data":"  warnings.warn(wrn_msg)\n"}
,{"stream_name":"stdout","time":4402.629565137,"data":"  seed=0 fold=4: val=0.96788 elapsed=4106.8s\n"}
,{"stream_name":"stdout","time":4402.629609202,"data":"seed=0: OOF=0.96749  fold間std=0.00039  elapsed=68.4min  total_elapsed=68.4min\n"}
,{"stream_name":"stdout","time":4402.629614001,"data":"saved: oof_175_tabnet_tuned_seed0.npy / test_175_tabnet_tuned_seed0.npy\n"}
,{"stream_name":"stderr","time":4403.390361947,"data":"/usr/local/lib/python3.12/dist-packages/pytorch_tabnet/abstract_model.py:687: UserWarning: No early stopping will be performed, last training weights will be used.\n"}
,{"stream_name":"stderr","time":4403.39039991,"data":"  warnings.warn(wrn_msg)\n"}
,{"stream_name":"stderr","time":4403.390406502,"data":"\n"}
,{"stream_name":"stderr","time":4403.390411602,"data":"/usr/local/lib/python3.12/dist-packages/pytorch_tabnet/abstract_model.py:687: UserWarning: No early stopping will be performed, last training weights will be used.\n"}
,{"stream_name":"stderr","time":4403.390416818,"data":"  warnings.warn(wrn_msg)\n"}
,{"stream_name":"stderr","time":4888.885344745,"data":"/usr/local/lib/python3.12/dist-packages/pytorch_tabnet/abstract_model.py:248: UserWarning: Loading weights from unsupervised pretraining\n"}
,{"stream_name":"stderr","time":4888.885410633,"data":"  warnings.warn(\"Loading weights from unsupervised pretraining\")\n"}
,{"stream_name":"stderr","time":4888.885417114,"data":"\n"}
,{"stream_name":"stderr","time":4888.885420921,"data":"/usr/local/lib/python3.12/dist-packages/pytorch_tabnet/abstract_model.py:248: UserWarning: Loading weights from unsupervised pretraining\n"}
,{"stream_name":"stderr","time":4888.885425241,"data":"  warnings.warn(\"Loading weights from unsupervised pretraining\")\n"}
,{"stream_name":"stdout","time":5147.037589825,"data":"\n"}
,{"stream_name":"stdout","time":5147.037626613,"data":"Early stopping occurred at epoch 24 with best_epoch = 9 and best_val_0_auc = 0.96791\n"}
,{"stream_name":"stderr","time":5147.038548802,"data":"/usr/local/lib/python3.12/dist-packages/pytorch_tabnet/callbacks.py:172: UserWarning: Best weights from best epoch are automatically used!\n"}
,{"stream_name":"stderr","time":5147.038574786,"data":"  warnings.warn(wrn_msg)\n"}
,{"stream_name":"stderr","time":5147.038581371,"data":"\n"}
,{"stream_name":"stderr","time":5147.038586098,"data":"/usr/local/lib/python3.12/dist-packages/pytorch_tabnet/callbacks.py:172: UserWarning: Best weights from best epoch are automatically used!\n"}
,{"stream_name":"stderr","time":5147.038591222,"data":"  warnings.warn(wrn_msg)\n"}
,{"stream_name":"stdout","time":5159.543599654,"data":"  seed=1 fold=0: val=0.96791 elapsed=756.8s\n"}
,{"stream_name":"stderr","time":5159.910747609,"data":"/usr/local/lib/python3.12/dist-packages/pytorch_tabnet/abstract_model.py:687: UserWarning: No early stopping will be performed, last training weights will be used.\n"}
,{"stream_name":"stderr","time":5159.910782559,"data":"  warnings.warn(wrn_msg)\n"}
,{"stream_name":"stderr","time":5159.910788591,"data":"\n"}
,{"stream_name":"stderr","time":5159.910800551,"data":"/usr/local/lib/python3.12/dist-packages/pytorch_tabnet/abstract_model.py:687: UserWarning: No early stopping will be performed, last training weights will be used.\n"}
,{"stream_name":"stderr","time":5159.910806135,"data":"  warnings.warn(wrn_msg)\n"}
,{"stream_name":"stderr","time":5661.848511892,"data":"/usr/local/lib/python3.12/dist-packages/pytorch_tabnet/abstract_model.py:248: UserWarning: Loading weights from unsupervised pretraining\n"}
,{"stream_name":"stderr","time":5661.84855912,"data":"  warnings.warn(\"Loading weights from unsupervised pretraining\")\n"}
,{"stream_name":"stderr","time":5661.848567404,"data":"\n"}
,{"stream_name":"stderr","time":5661.84857317,"data":"/usr/local/lib/python3.12/dist-packages/pytorch_tabnet/abstract_model.py:248: UserWarning: Loading weights from unsupervised pretraining\n"}
,{"stream_name":"stderr","time":5661.848578285,"data":"  warnings.warn(\"Loading weights from unsupervised pretraining\")\n"}
,{"stream_name":"stdout","time":6000.935409458,"data":"\n"}
,{"stream_name":"stdout","time":6000.935452898,"data":"Early stopping occurred at epoch 31 with best_epoch = 16 and best_val_0_auc = 0.96707\n"}
,{"stream_name":"stderr","time":6000.936693994,"data":"/usr/local/lib/python3.12/dist-packages/pytorch_tabnet/callbacks.py:172: UserWarning: Best weights from best epoch are automatically used!\n"}
,{"stream_name":"stderr","time":6000.936716678,"data":"  warnings.warn(wrn_msg)\n"}
,{"stream_name":"stderr","time":6000.936722182,"data":"\n"}
,{"stream_name":"stderr","time":6000.936726817,"data":"/usr/local/lib/python3.12/dist-packages/pytorch_tabnet/callbacks.py:172: UserWarning: Best weights from best epoch are automatically used!\n"}
,{"stream_name":"stderr","time":6000.936732378,"data":"  warnings.warn(wrn_msg)\n"}
,{"stream_name":"stdout","time":6014.145276391,"data":"  seed=1 fold=1: val=0.96707 elapsed=1611.4s\n"}
,{"stream_name":"stderr","time":6014.508637507,"data":"/usr/local/lib/python3.12/dist-packages/pytorch_tabnet/abstract_model.py:687: UserWarning: No early stopping will be performed, last training weights will be used.\n"}
,{"stream_name":"stderr","time":6014.508672426,"data":"  warnings.warn(wrn_msg)\n"}
,{"stream_name":"stderr","time":6014.508688735,"data":"\n"}
,{"stream_name":"stderr","time":6014.508694368,"data":"/usr/local/lib/python3.12/dist-packages/pytorch_tabnet/abstract_model.py:687: UserWarning: No early stopping will be performed, last training weights will be used.\n"}
,{"stream_name":"stderr","time":6014.508700437,"data":"  warnings.warn(wrn_msg)\n"}
,{"stream_name":"stderr","time":6516.351927866,"data":"/usr/local/lib/python3.12/dist-packages/pytorch_tabnet/abstract_model.py:248: UserWarning: Loading weights from unsupervised pretraining\n"}
,{"stream_name":"stderr","time":6516.351971213,"data":"  warnings.warn(\"Loading weights from unsupervised pretraining\")\n"}
,{"stream_name":"stderr","time":6516.351978377,"data":"\n"}
,{"stream_name":"stderr","time":6516.351983654,"data":"/usr/local/lib/python3.12/dist-packages/pytorch_tabnet/abstract_model.py:248: UserWarning: Loading weights from unsupervised pretraining\n"}
,{"stream_name":"stderr","time":6516.35198928,"data":"  warnings.warn(\"Loading weights from unsupervised pretraining\")\n"}
,{"stream_name":"stdout","time":6821.62743434,"data":"\n"}
,{"stream_name":"stdout","time":6821.627469012,"data":"Early stopping occurred at epoch 28 with best_epoch = 13 and best_val_0_auc = 0.96739\n"}
,{"stream_name":"stderr","time":6821.628413668,"data":"/usr/local/lib/python3.12/dist-packages/pytorch_tabnet/callbacks.py:172: UserWarning: Best weights from best epoch are automatically used!\n"}
,{"stream_name":"stderr","time":6821.628439565,"data":"  warnings.warn(wrn_msg)\n"}
,{"stream_name":"stderr","time":6821.628445515,"data":"\n"}
,{"stream_name":"stderr","time":6821.628450295,"data":"/usr/local/lib/python3.12/dist-packages/pytorch_tabnet/callbacks.py:172: UserWarning: Best weights from best epoch are automatically used!\n"}
,{"stream_name":"stderr","time":6821.628478835,"data":"  warnings.warn(wrn_msg)\n"}
,{"stream_name":"stdout","time":6833.908299947,"data":"  seed=1 fold=2: val=0.96739 elapsed=2431.1s\n"}
,{"stream_name":"stderr","time":6834.255297433,"data":"/usr/local/lib/python3.12/dist-packages/pytorch_tabnet/abstract_model.py:687: UserWarning: No early stopping will be performed, last training weights will be used.\n"}
,{"stream_name":"stderr","time":6834.255348395,"data":"  warnings.warn(wrn_msg)\n"}
,{"stream_name":"stderr","time":6834.255354854,"data":"\n"}
,{"stream_name":"stderr","time":6834.255360188,"data":"/usr/local/lib/python3.12/dist-packages/pytorch_tabnet/abstract_model.py:687: UserWarning: No early stopping will be performed, last training weights will be used.\n"}
,{"stream_name":"stderr","time":6834.25536634,"data":"  warnings.warn(wrn_msg)\n"}
,{"stream_name":"stderr","time":7326.837758458,"data":"/usr/local/lib/python3.12/dist-packages/pytorch_tabnet/abstract_model.py:248: UserWarning: Loading weights from unsupervised pretraining\n"}
,{"stream_name":"stderr","time":7326.837799423,"data":"  warnings.warn(\"Loading weights from unsupervised pretraining\")\n"}
,{"stream_name":"stderr","time":7326.837807023,"data":"\n"}
,{"stream_name":"stderr","time":7326.837820178,"data":"/usr/local/lib/python3.12/dist-packages/pytorch_tabnet/abstract_model.py:248: UserWarning: Loading weights from unsupervised pretraining\n"}
,{"stream_name":"stderr","time":7326.837825126,"data":"  warnings.warn(\"Loading weights from unsupervised pretraining\")\n"}
,{"stream_name":"stdout","time":7619.27727922,"data":"\n"}
,{"stream_name":"stdout","time":7619.277327979,"data":"Early stopping occurred at epoch 28 with best_epoch = 13 and best_val_0_auc = 0.96731\n"}
,{"stream_name":"stderr","time":7619.278262181,"data":"/usr/local/lib/python3.12/dist-packages/pytorch_tabnet/callbacks.py:172: UserWarning: Best weights from best epoch are automatically used!\n"}
,{"stream_name":"stderr","time":7619.278284336,"data":"  warnings.warn(wrn_msg)\n"}
,{"stream_name":"stderr","time":7619.278290029,"data":"\n"}
,{"stream_name":"stderr","time":7619.27829438,"data":"/usr/local/lib/python3.12/dist-packages/pytorch_tabnet/callbacks.py:172: UserWarning: Best weights from best epoch are automatically used!\n"}
,{"stream_name":"stderr","time":7619.278299148,"data":"  warnings.warn(wrn_msg)\n"}
,{"stream_name":"stdout","time":7631.302685677,"data":"  seed=1 fold=3: val=0.96731 elapsed=3228.5s\n"}
,{"stream_name":"stderr","time":7631.877173593,"data":"/usr/local/lib/python3.12/dist-packages/pytorch_tabnet/abstract_model.py:687: UserWarning: No early stopping will be performed, last training weights will be used.\n"}
,{"stream_name":"stderr","time":7631.877210558,"data":"  warnings.warn(wrn_msg)\n"}
,{"stream_name":"stderr","time":7631.877216513,"data":"\n"}
,{"stream_name":"stderr","time":7631.877221314,"data":"/usr/local/lib/python3.12/dist-packages/pytorch_tabnet/abstract_model.py:687: UserWarning: No early stopping will be performed, last training weights will be used.\n"}
,{"stream_name":"stderr","time":7631.877226286,"data":"  warnings.warn(wrn_msg)\n"}
,{"stream_name":"stderr","time":8131.631417037,"data":"/usr/local/lib/python3.12/dist-packages/pytorch_tabnet/abstract_model.py:248: UserWarning: Loading weights from unsupervised pretraining\n"}
,{"stream_name":"stderr","time":8131.631464769,"data":"  warnings.warn(\"Loading weights from unsupervised pretraining\")\n"}
,{"stream_name":"stderr","time":8131.631471224,"data":"\n"}
,{"stream_name":"stderr","time":8131.631475982,"data":"/usr/local/lib/python3.12/dist-packages/pytorch_tabnet/abstract_model.py:248: UserWarning: Loading weights from unsupervised pretraining\n"}
,{"stream_name":"stderr","time":8131.63148175,"data":"  warnings.warn(\"Loading weights from unsupervised pretraining\")\n"}
,{"stream_name":"stdout","time":8467.228245616,"data":"\n"}
,{"stream_name":"stdout","time":8467.228297224,"data":"Early stopping occurred at epoch 31 with best_epoch = 16 and best_val_0_auc = 0.96683\n"}
,{"stream_name":"stderr","time":8467.229580035,"data":"/usr/local/lib/python3.12/dist-packages/pytorch_tabnet/callbacks.py:172: UserWarning: Best weights from best epoch are automatically used!\n"}
,{"stream_name":"stderr","time":8467.229609326,"data":"  warnings.warn(wrn_msg)\n"}
,{"stream_name":"stderr","time":8467.229614632,"data":"\n"}
,{"stream_name":"stderr","time":8467.229631694,"data":"/usr/local/lib/python3.12/dist-packages/pytorch_tabnet/callbacks.py:172: UserWarning: Best weights from best epoch are automatically used!\n"}
,{"stream_name":"stderr","time":8467.229638976,"data":"  warnings.warn(wrn_msg)\n"}
,{"stream_name":"stdout","time":8480.058838873,"data":"  seed=1 fold=4: val=0.96683 elapsed=4077.3s\n"}
,{"stream_name":"stdout","time":8480.058912319,"data":"seed=1: OOF=0.96722  fold間std=0.00036  elapsed=68.0min  total_elapsed=136.4min\n"}
,{"stream_name":"stdout","time":8480.058921251,"data":"saved: oof_175_tabnet_tuned_seed1.npy / test_175_tabnet_tuned_seed1.npy\n"}
,{"stream_name":"stderr","time":8480.638449905,"data":"/usr/local/lib/python3.12/dist-packages/pytorch_tabnet/abstract_model.py:687: UserWarning: No early stopping will be performed, last training weights will be used.\n"}
,{"stream_name":"stderr","time":8480.63861836,"data":"  warnings.warn(wrn_msg)\n"}
,{"stream_name":"stderr","time":8480.638632575,"data":"\n"}
,{"stream_name":"stderr","time":8480.63863736,"data":"/usr/local/lib/python3.12/dist-packages/pytorch_tabnet/abstract_model.py:687: UserWarning: No early stopping will be performed, last training weights will be used.\n"}
,{"stream_name":"stderr","time":8480.63864194,"data":"  warnings.warn(wrn_msg)\n"}
,{"stream_name":"stderr","time":8978.651622146,"data":"/usr/local/lib/python3.12/dist-packages/pytorch_tabnet/abstract_model.py:248: UserWarning: Loading weights from unsupervised pretraining\n"}
,{"stream_name":"stderr","time":8978.651678595,"data":"  warnings.warn(\"Loading weights from unsupervised pretraining\")\n"}
,{"stream_name":"stderr","time":8978.651685404,"data":"\n"}
,{"stream_name":"stderr","time":8978.651689964,"data":"/usr/local/lib/python3.12/dist-packages/pytorch_tabnet/abstract_model.py:248: UserWarning: Loading weights from unsupervised pretraining\n"}
,{"stream_name":"stderr","time":8978.651694795,"data":"  warnings.warn(\"Loading weights from unsupervised pretraining\")\n"}
,{"stream_name":"stdout","time":9236.021784763,"data":"\n"}
,{"stream_name":"stdout","time":9236.021835985,"data":"Early stopping occurred at epoch 24 with best_epoch = 9 and best_val_0_auc = 0.96712\n"}
,{"stream_name":"stderr","time":9236.022890023,"data":"/usr/local/lib/python3.12/dist-packages/pytorch_tabnet/callbacks.py:172: UserWarning: Best weights from best epoch are automatically used!\n"}
,{"stream_name":"stderr","time":9236.022910952,"data":"  warnings.warn(wrn_msg)\n"}
,{"stream_name":"stderr","time":9236.022916379,"data":"\n"}
,{"stream_name":"stderr","time":9236.022921337,"data":"/usr/local/lib/python3.12/dist-packages/pytorch_tabnet/callbacks.py:172: UserWarning: Best weights from best epoch are automatically used!\n"}
,{"stream_name":"stderr","time":9236.022926398,"data":"  warnings.warn(wrn_msg)\n"}
,{"stream_name":"stdout","time":9248.526397694,"data":"  seed=7 fold=0: val=0.96712 elapsed=768.3s\n"}
,{"stream_name":"stderr","time":9248.883162631,"data":"/usr/local/lib/python3.12/dist-packages/pytorch_tabnet/abstract_model.py:687: UserWarning: No early stopping will be performed, last training weights will be used.\n"}
,{"stream_name":"stderr","time":9248.883203954,"data":"  warnings.warn(wrn_msg)\n"}
,{"stream_name":"stderr","time":9248.883210548,"data":"\n"}
,{"stream_name":"stderr","time":9248.883215488,"data":"/usr/local/lib/python3.12/dist-packages/pytorch_tabnet/abstract_model.py:687: UserWarning: No early stopping will be performed, last training weights will be used.\n"}
,{"stream_name":"stderr","time":9248.883220451,"data":"  warnings.warn(wrn_msg)\n"}
,{"stream_name":"stderr","time":9732.617207927,"data":"/usr/local/lib/python3.12/dist-packages/pytorch_tabnet/abstract_model.py:248: UserWarning: Loading weights from unsupervised pretraining\n"}
,{"stream_name":"stderr","time":9732.61724903,"data":"  warnings.warn(\"Loading weights from unsupervised pretraining\")\n"}
,{"stream_name":"stderr","time":9732.617253784,"data":"\n"}
,{"stream_name":"stderr","time":9732.617257562,"data":"/usr/local/lib/python3.12/dist-packages/pytorch_tabnet/abstract_model.py:248: UserWarning: Loading weights from unsupervised pretraining\n"}
,{"stream_name":"stderr","time":9732.617261683,"data":"  warnings.warn(\"Loading weights from unsupervised pretraining\")\n"}
,{"stream_name":"stdout","time":10027.877493225,"data":"\n"}
,{"stream_name":"stdout","time":10027.877531532,"data":"Early stopping occurred at epoch 27 with best_epoch = 12 and best_val_0_auc = 0.96701\n"}
,{"stream_name":"stderr","time":10027.878805333,"data":"/usr/local/lib/python3.12/dist-packages/pytorch_tabnet/callbacks.py:172: UserWarning: Best weights from best epoch are automatically used!\n"}
,{"stream_name":"stderr","time":10027.878883089,"data":"  warnings.warn(wrn_msg)\n"}
,{"stream_name":"stderr","time":10027.878890957,"data":"\n"}
,{"stream_name":"stderr","time":10027.878894937,"data":"/usr/local/lib/python3.12/dist-packages/pytorch_tabnet/callbacks.py:172: UserWarning: Best weights from best epoch are automatically used!\n"}
,{"stream_name":"stderr","time":10027.878898893,"data":"  warnings.warn(wrn_msg)\n"}
,{"stream_name":"stdout","time":10040.402228855,"data":"  seed=7 fold=1: val=0.96701 elapsed=1560.2s\n"}
,{"stream_name":"stderr","time":10040.769113874,"data":"/usr/local/lib/python3.12/dist-packages/pytorch_tabnet/abstract_model.py:687: UserWarning: No early stopping will be performed, last training weights will be used.\n"}
,{"stream_name":"stderr","time":10040.769162693,"data":"  warnings.warn(wrn_msg)\n"}
,{"stream_name":"stderr","time":10040.769169607,"data":"\n"}
,{"stream_name":"stderr","time":10040.769175138,"data":"/usr/local/lib/python3.12/dist-packages/pytorch_tabnet/abstract_model.py:687: UserWarning: No early stopping will be performed, last training weights will be used.\n"}
,{"stream_name":"stderr","time":10040.769181156,"data":"  warnings.warn(wrn_msg)\n"}
,{"stream_name":"stderr","time":10542.361044287,"data":"/usr/local/lib/python3.12/dist-packages/pytorch_tabnet/abstract_model.py:248: UserWarning: Loading weights from unsupervised pretraining\n"}
,{"stream_name":"stderr","time":10542.361095296,"data":"  warnings.warn(\"Loading weights from unsupervised pretraining\")\n"}
,{"stream_name":"stderr","time":10542.361100566,"data":"\n"}
,{"stream_name":"stderr","time":10542.361104907,"data":"/usr/local/lib/python3.12/dist-packages/pytorch_tabnet/abstract_model.py:248: UserWarning: Loading weights from unsupervised pretraining\n"}
,{"stream_name":"stderr","time":10542.361109482,"data":"  warnings.warn(\"Loading weights from unsupervised pretraining\")\n"}
,{"stream_name":"stdout","time":10883.229042771,"data":"\n"}
,{"stream_name":"stdout","time":10883.229083701,"data":"Early stopping occurred at epoch 32 with best_epoch = 17 and best_val_0_auc = 0.9672\n"}
,{"stream_name":"stderr","time":10883.231346578,"data":"/usr/local/lib/python3.12/dist-packages/pytorch_tabnet/callbacks.py:172: UserWarning: Best weights from best epoch are automatically used!\n"}
,{"stream_name":"stderr","time":10883.231367376,"data":"  warnings.warn(wrn_msg)\n"}
,{"stream_name":"stderr","time":10883.231372477,"data":"\n"}
,{"stream_name":"stderr","time":10883.231382259,"data":"/usr/local/lib/python3.12/dist-packages/pytorch_tabnet/callbacks.py:172: UserWarning: Best weights from best epoch are automatically used!\n"}
,{"stream_name":"stderr","time":10883.231385878,"data":"  warnings.warn(wrn_msg)\n"}
,{"stream_name":"stdout","time":10895.285235571,"data":"  seed=7 fold=2: val=0.96720 elapsed=2415.1s\n"}
,{"stream_name":"stderr","time":10895.832655682,"data":"/usr/local/lib/python3.12/dist-packages/pytorch_tabnet/abstract_model.py:687: UserWarning: No early stopping will be performed, last training weights will be used.\n"}
,{"stream_name":"stderr","time":10895.832704736,"data":"  warnings.warn(wrn_msg)\n"}
,{"stream_name":"stderr","time":10895.832712563,"data":"\n"}
,{"stream_name":"stderr","time":10895.832717765,"data":"/usr/local/lib/python3.12/dist-packages/pytorch_tabnet/abstract_model.py:687: UserWarning: No early stopping will be performed, last training weights will be used.\n"}
,{"stream_name":"stderr","time":10895.83272299,"data":"  warnings.warn(wrn_msg)\n"}
,{"stream_name":"stderr","time":11386.426124448,"data":"/usr/local/lib/python3.12/dist-packages/pytorch_tabnet/abstract_model.py:248: UserWarning: Loading weights from unsupervised pretraining\n"}
,{"stream_name":"stderr","time":11386.426176414,"data":"  warnings.warn(\"Loading weights from unsupervised pretraining\")\n"}
,{"stream_name":"stderr","time":11386.426183485,"data":"\n"}
,{"stream_name":"stderr","time":11386.426187572,"data":"/usr/local/lib/python3.12/dist-packages/pytorch_tabnet/abstract_model.py:248: UserWarning: Loading weights from unsupervised pretraining\n"}
,{"stream_name":"stderr","time":11386.426191903,"data":"  warnings.warn(\"Loading weights from unsupervised pretraining\")\n"}
,{"stream_name":"stdout","time":11667.060538598,"data":"\n"}
,{"stream_name":"stdout","time":11667.060611743,"data":"Early stopping occurred at epoch 26 with best_epoch = 11 and best_val_0_auc = 0.9676\n"}
,{"stream_name":"stderr","time":11667.061723431,"data":"/usr/local/lib/python3.12/dist-packages/pytorch_tabnet/callbacks.py:172: UserWarning: Best weights from best epoch are automatically used!\n"}
,{"stream_name":"stderr","time":11667.061749218,"data":"  warnings.warn(wrn_msg)\n"}
,{"stream_name":"stderr","time":11667.061755375,"data":"\n"}
,{"stream_name":"stderr","time":11667.061760462,"data":"/usr/local/lib/python3.12/dist-packages/pytorch_tabnet/callbacks.py:172: UserWarning: Best weights from best epoch are automatically used!\n"}
,{"stream_name":"stderr","time":11667.06177268,"data":"  warnings.warn(wrn_msg)\n"}
,{"stream_name":"stdout","time":11680.067765233,"data":"  seed=7 fold=3: val=0.96760 elapsed=3199.9s\n"}
,{"stream_name":"stderr","time":11680.434183034,"data":"/usr/local/lib/python3.12/dist-packages/pytorch_tabnet/abstract_model.py:687: UserWarning: No early stopping will be performed, last training weights will be used.\n"}
,{"stream_name":"stderr","time":11680.434220448,"data":"  warnings.warn(wrn_msg)\n"}
,{"stream_name":"stderr","time":11680.434227762,"data":"\n"}
,{"stream_name":"stderr","time":11680.434233936,"data":"/usr/local/lib/python3.12/dist-packages/pytorch_tabnet/abstract_model.py:687: UserWarning: No early stopping will be performed, last training weights will be used.\n"}
,{"stream_name":"stderr","time":11680.434239619,"data":"  warnings.warn(wrn_msg)\n"}
,{"stream_name":"stderr","time":12193.377976452,"data":"/usr/local/lib/python3.12/dist-packages/pytorch_tabnet/abstract_model.py:248: UserWarning: Loading weights from unsupervised pretraining\n"}
,{"stream_name":"stderr","time":12193.378034207,"data":"  warnings.warn(\"Loading weights from unsupervised pretraining\")\n"}
,{"stream_name":"stderr","time":12193.378041089,"data":"\n"}
,{"stream_name":"stderr","time":12193.37804552,"data":"/usr/local/lib/python3.12/dist-packages/pytorch_tabnet/abstract_model.py:248: UserWarning: Loading weights from unsupervised pretraining\n"}
,{"stream_name":"stderr","time":12193.37805011,"data":"  warnings.warn(\"Loading weights from unsupervised pretraining\")\n"}
,{"stream_name":"stdout","time":12552.545571288,"data":"\n"}
,{"stream_name":"stdout","time":12552.545613274,"data":"Early stopping occurred at epoch 33 with best_epoch = 18 and best_val_0_auc = 0.96686\n"}
,{"stream_name":"stderr","time":12552.546736863,"data":"/usr/local/lib/python3.12/dist-packages/pytorch_tabnet/callbacks.py:172: UserWarning: Best weights from best epoch are automatically used!\n"}
,{"stream_name":"stderr","time":12552.546753642,"data":"  warnings.warn(wrn_msg)\n"}
,{"stream_name":"stderr","time":12552.546759361,"data":"\n"}
,{"stream_name":"stderr","time":12552.546764512,"data":"/usr/local/lib/python3.12/dist-packages/pytorch_tabnet/callbacks.py:172: UserWarning: Best weights from best epoch are automatically used!\n"}
,{"stream_name":"stderr","time":12552.546770118,"data":"  warnings.warn(wrn_msg)\n"}
,{"stream_name":"stdout","time":12565.236492194,"data":"  seed=7 fold=4: val=0.96686 elapsed=4085.0s\n"}
,{"stream_name":"stdout","time":12565.236549139,"data":"seed=7: OOF=0.96689  fold間std=0.00025  elapsed=68.1min  total_elapsed=204.5min\n"}
,{"stream_name":"stdout","time":12565.23658317,"data":"saved: oof_175_tabnet_tuned_seed7.npy / test_175_tabnet_tuned_seed7.npy\n"}
,{"stream_name":"stderr","time":12565.820432925,"data":"/usr/local/lib/python3.12/dist-packages/pytorch_tabnet/abstract_model.py:687: UserWarning: No early stopping will be performed, last training weights will be used.\n"}
,{"stream_name":"stderr","time":12565.820470765,"data":"  warnings.warn(wrn_msg)\n"}
,{"stream_name":"stderr","time":12565.820474725,"data":"\n"}
,{"stream_name":"stderr","time":12565.82047738,"data":"/usr/local/lib/python3.12/dist-packages/pytorch_tabnet/abstract_model.py:687: UserWarning: No early stopping will be performed, last training weights will be used.\n"}
,{"stream_name":"stderr","time":12565.820480313,"data":"  warnings.warn(wrn_msg)\n"}
,{"stream_name":"stderr","time":13084.517371172,"data":"/usr/local/lib/python3.12/dist-packages/pytorch_tabnet/abstract_model.py:248: UserWarning: Loading weights from unsupervised pretraining\n"}
,{"stream_name":"stderr","time":13084.517456536,"data":"  warnings.warn(\"Loading weights from unsupervised pretraining\")\n"}
,{"stream_name":"stderr","time":13084.517464313,"data":"\n"}
,{"stream_name":"stderr","time":13084.517469244,"data":"/usr/local/lib/python3.12/dist-packages/pytorch_tabnet/abstract_model.py:248: UserWarning: Loading weights from unsupervised pretraining\n"}
,{"stream_name":"stderr","time":13084.517474666,"data":"  warnings.warn(\"Loading weights from unsupervised pretraining\")\n"}
,{"stream_name":"stdout","time":13398.349401464,"data":"\n"}
,{"stream_name":"stdout","time":13398.349450928,"data":"Early stopping occurred at epoch 28 with best_epoch = 13 and best_val_0_auc = 0.96662\n"}
,{"stream_name":"stderr","time":13398.350383976,"data":"/usr/local/lib/python3.12/dist-packages/pytorch_tabnet/callbacks.py:172: UserWarning: Best weights from best epoch are automatically used!\n"}
,{"stream_name":"stderr","time":13398.350407343,"data":"  warnings.warn(wrn_msg)\n"}
,{"stream_name":"stderr","time":13398.350417817,"data":"\n"}
,{"stream_name":"stderr","time":13398.350423169,"data":"/usr/local/lib/python3.12/dist-packages/pytorch_tabnet/callbacks.py:172: UserWarning: Best weights from best epoch are automatically used!\n"}
,{"stream_name":"stderr","time":13398.350428291,"data":"  warnings.warn(wrn_msg)\n"}
,{"stream_name":"stdout","time":13411.253546104,"data":"  seed=2026 fold=0: val=0.96662 elapsed=845.9s\n"}
,{"stream_name":"stderr","time":13411.668936823,"data":"/usr/local/lib/python3.12/dist-packages/pytorch_tabnet/abstract_model.py:687: UserWarning: No early stopping will be performed, last training weights will be used.\n"}
,{"stream_name":"stderr","time":13411.668982434,"data":"  warnings.warn(wrn_msg)\n"}
,{"stream_name":"stderr","time":13411.668987595,"data":"\n"}
,{"stream_name":"stderr","time":13411.668991308,"data":"/usr/local/lib/python3.12/dist-packages/pytorch_tabnet/abstract_model.py:687: UserWarning: No early stopping will be performed, last training weights will be used.\n"}
,{"stream_name":"stderr","time":13411.668995256,"data":"  warnings.warn(wrn_msg)\n"}
,{"stream_name":"stderr","time":13931.341500053,"data":"/usr/local/lib/python3.12/dist-packages/pytorch_tabnet/abstract_model.py:248: UserWarning: Loading weights from unsupervised pretraining\n"}
,{"stream_name":"stderr","time":13931.341547648,"data":"  warnings.warn(\"Loading weights from unsupervised pretraining\")\n"}
,{"stream_name":"stderr","time":13931.341555004,"data":"\n"}
,{"stream_name":"stderr","time":13931.341560439,"data":"/usr/local/lib/python3.12/dist-packages/pytorch_tabnet/abstract_model.py:248: UserWarning: Loading weights from unsupervised pretraining\n"}
,{"stream_name":"stderr","time":13931.341578559,"data":"  warnings.warn(\"Loading weights from unsupervised pretraining\")\n"}
,{"stream_name":"stdout","time":14198.842981262,"data":"\n"}
,{"stream_name":"stdout","time":14198.843020402,"data":"Early stopping occurred at epoch 24 with best_epoch = 9 and best_val_0_auc = 0.9677\n"}
,{"stream_name":"stderr","time":14198.843963358,"data":"/usr/local/lib/python3.12/dist-packages/pytorch_tabnet/callbacks.py:172: UserWarning: Best weights from best epoch are automatically used!\n"}
,{"stream_name":"stderr","time":14198.843987704,"data":"  warnings.warn(wrn_msg)\n"}
,{"stream_name":"stderr","time":14198.843993354,"data":"\n"}
,{"stream_name":"stderr","time":14198.84399839,"data":"/usr/local/lib/python3.12/dist-packages/pytorch_tabnet/callbacks.py:172: UserWarning: Best weights from best epoch are automatically used!\n"}
,{"stream_name":"stderr","time":14198.844003857,"data":"  warnings.warn(wrn_msg)\n"}
,{"stream_name":"stdout","time":14211.103110099,"data":"  seed=2026 fold=1: val=0.96770 elapsed=1645.7s\n"}
,{"stream_name":"stderr","time":14211.502720377,"data":"/usr/local/lib/python3.12/dist-packages/pytorch_tabnet/abstract_model.py:687: UserWarning: No early stopping will be performed, last training weights will be used.\n"}
,{"stream_name":"stderr","time":14211.502759855,"data":"  warnings.warn(wrn_msg)\n"}
,{"stream_name":"stderr","time":14211.50277406,"data":"\n"}
,{"stream_name":"stderr","time":14211.502778079,"data":"/usr/local/lib/python3.12/dist-packages/pytorch_tabnet/abstract_model.py:687: UserWarning: No early stopping will be performed, last training weights will be used.\n"}
,{"stream_name":"stderr","time":14211.502781788,"data":"  warnings.warn(wrn_msg)\n"}
,{"stream_name":"stderr","time":14721.760364658,"data":"/usr/local/lib/python3.12/dist-packages/pytorch_tabnet/abstract_model.py:248: UserWarning: Loading weights from unsupervised pretraining\n"}
,{"stream_name":"stderr","time":14721.760404968,"data":"  warnings.warn(\"Loading weights from unsupervised pretraining\")\n"}
,{"stream_name":"stderr","time":14721.760411541,"data":"\n"}
,{"stream_name":"stderr","time":14721.760416486,"data":"/usr/local/lib/python3.12/dist-packages/pytorch_tabnet/abstract_model.py:248: UserWarning: Loading weights from unsupervised pretraining\n"}
,{"stream_name":"stderr","time":14721.760422137,"data":"  warnings.warn(\"Loading weights from unsupervised pretraining\")\n"}
,{"stream_name":"stdout","time":15005.807039874,"data":"\n"}
,{"stream_name":"stdout","time":15005.807078468,"data":"Early stopping occurred at epoch 25 with best_epoch = 10 and best_val_0_auc = 0.96792\n"}
,{"stream_name":"stderr","time":15005.8083552,"data":"/usr/local/lib/python3.12/dist-packages/pytorch_tabnet/callbacks.py:172: UserWarning: Best weights from best epoch are automatically used!\n"}
,{"stream_name":"stderr","time":15005.808379285,"data":"  warnings.warn(wrn_msg)\n"}
,{"stream_name":"stderr","time":15005.808386305,"data":"\n"}
,{"stream_name":"stderr","time":15005.808392023,"data":"/usr/local/lib/python3.12/dist-packages/pytorch_tabnet/callbacks.py:172: UserWarning: Best weights from best epoch are automatically used!\n"}
,{"stream_name":"stderr","time":15005.808397485,"data":"  warnings.warn(wrn_msg)\n"}
,{"stream_name":"stdout","time":15019.41692212,"data":"  seed=2026 fold=2: val=0.96792 elapsed=2454.0s\n"}
,{"stream_name":"stderr","time":15019.790679437,"data":"/usr/local/lib/python3.12/dist-packages/pytorch_tabnet/abstract_model.py:687: UserWarning: No early stopping will be performed, last training weights will be used.\n"}
,{"stream_name":"stderr","time":15019.790717316,"data":"  warnings.warn(wrn_msg)\n"}
,{"stream_name":"stderr","time":15019.790723326,"data":"\n"}
,{"stream_name":"stderr","time":15019.790747495,"data":"/usr/local/lib/python3.12/dist-packages/pytorch_tabnet/abstract_model.py:687: UserWarning: No early stopping will be performed, last training weights will be used.\n"}
,{"stream_name":"stderr","time":15019.790751776,"data":"  warnings.warn(wrn_msg)\n"}
,{"stream_name":"stderr","time":15529.677276349,"data":"/usr/local/lib/python3.12/dist-packages/pytorch_tabnet/abstract_model.py:248: UserWarning: Loading weights from unsupervised pretraining\n"}
,{"stream_name":"stderr","time":15529.677353451,"data":"  warnings.warn(\"Loading weights from unsupervised pretraining\")\n"}
,{"stream_name":"stderr","time":15529.677360694,"data":"\n"}
,{"stream_name":"stderr","time":15529.677365207,"data":"/usr/local/lib/python3.12/dist-packages/pytorch_tabnet/abstract_model.py:248: UserWarning: Loading weights from unsupervised pretraining\n"}
,{"stream_name":"stderr","time":15529.677369982,"data":"  warnings.warn(\"Loading weights from unsupervised pretraining\")\n"}
,{"stream_name":"stdout","time":15798.106684658,"data":"\n"}
,{"stream_name":"stdout","time":15798.106725238,"data":"Early stopping occurred at epoch 24 with best_epoch = 9 and best_val_0_auc = 0.96753\n"}
,{"stream_name":"stderr","time":15798.107705299,"data":"/usr/local/lib/python3.12/dist-packages/pytorch_tabnet/callbacks.py:172: UserWarning: Best weights from best epoch are automatically used!\n"}
,{"stream_name":"stderr","time":15798.107729063,"data":"  warnings.warn(wrn_msg)\n"}
,{"stream_name":"stderr","time":15798.107735335,"data":"\n"}
,{"stream_name":"stderr","time":15798.107754939,"data":"/usr/local/lib/python3.12/dist-packages/pytorch_tabnet/callbacks.py:172: UserWarning: Best weights from best epoch are automatically used!\n"}
,{"stream_name":"stderr","time":15798.107761366,"data":"  warnings.warn(wrn_msg)\n"}
,{"stream_name":"stdout","time":15810.798799513,"data":"  seed=2026 fold=3: val=0.96753 elapsed=3245.4s\n"}
,{"stream_name":"stderr","time":15811.176146797,"data":"/usr/local/lib/python3.12/dist-packages/pytorch_tabnet/abstract_model.py:687: UserWarning: No early stopping will be performed, last training weights will be used.\n"}
,{"stream_name":"stderr","time":15811.176188802,"data":"  warnings.warn(wrn_msg)\n"}
,{"stream_name":"stderr","time":15811.176195195,"data":"\n"}
,{"stream_name":"stderr","time":15811.176200504,"data":"/usr/local/lib/python3.12/dist-packages/pytorch_tabnet/abstract_model.py:687: UserWarning: No early stopping will be performed, last training weights will be used.\n"}
,{"stream_name":"stderr","time":15811.176206159,"data":"  warnings.warn(wrn_msg)\n"}
,{"stream_name":"stderr","time":16304.766929335,"data":"/usr/local/lib/python3.12/dist-packages/pytorch_tabnet/abstract_model.py:248: UserWarning: Loading weights from unsupervised pretraining\n"}
,{"stream_name":"stderr","time":16304.766967499,"data":"  warnings.warn(\"Loading weights from unsupervised pretraining\")\n"}
,{"stream_name":"stderr","time":16304.766974162,"data":"\n"}
,{"stream_name":"stderr","time":16304.766978961,"data":"/usr/local/lib/python3.12/dist-packages/pytorch_tabnet/abstract_model.py:248: UserWarning: Loading weights from unsupervised pretraining\n"}
,{"stream_name":"stderr","time":16304.766984061,"data":"  warnings.warn(\"Loading weights from unsupervised pretraining\")\n"}
,{"stream_name":"stdout","time":16542.107968221,"data":"\n"}
,{"stream_name":"stdout","time":16542.10802982,"data":"Early stopping occurred at epoch 22 with best_epoch = 7 and best_val_0_auc = 0.96647\n"}
,{"stream_name":"stderr","time":16542.109170871,"data":"/usr/local/lib/python3.12/dist-packages/pytorch_tabnet/callbacks.py:172: UserWarning: Best weights from best epoch are automatically used!\n"}
,{"stream_name":"stderr","time":16542.109195596,"data":"  warnings.warn(wrn_msg)\n"}
,{"stream_name":"stderr","time":16542.109215109,"data":"\n"}
,{"stream_name":"stderr","time":16542.109219839,"data":"/usr/local/lib/python3.12/dist-packages/pytorch_tabnet/callbacks.py:172: UserWarning: Best weights from best epoch are automatically used!\n"}
,{"stream_name":"stderr","time":16542.109224003,"data":"  warnings.warn(wrn_msg)\n"}
,{"stream_name":"stdout","time":16555.862516864,"data":"  seed=2026 fold=4: val=0.96647 elapsed=3990.5s\n"}
,{"stream_name":"stdout","time":16555.862598169,"data":"seed=2026: OOF=0.96711  fold間std=0.00059  elapsed=66.5min  total_elapsed=271.0min\n"}
,{"stream_name":"stdout","time":16555.86260791,"data":"saved: oof_175_tabnet_tuned_seed2026.npy / test_175_tabnet_tuned_seed2026.npy\n"}
,{"stream_name":"stdout","time":16555.86261287,"data":"\n"}
,{"stream_name":"stdout","time":16555.862617456,"data":"全seed完了。total_elapsed=271.0min\n"}
,{"stream_name":"stdout","time":16555.862622415,"data":"参考 exp171(seed=42, Optuna調整済み) OOF=0.96725 — ローカルでこの4シードと合わせてavg5を計算する\n"}
,{"stream_name":"stderr","time":16561.115978012,"data":"/usr/local/lib/python3.12/dist-packages/mistune.py:435: SyntaxWarning: invalid escape sequence '\\|'\n"}
,{"stream_name":"stderr","time":16561.116015358,"data":"  cells[i][c] = re.sub('\\\\\\\\\\|', '|', cell)\n"}
,{"stream_name":"stderr","time":16561.321522752,"data":"/usr/local/lib/python3.12/dist-packages/nbconvert/filters/filter_links.py:36: SyntaxWarning: invalid escape sequence '\\_'\n"}
,{"stream_name":"stderr","time":16561.321544135,"data":"  text = re.sub(r'_', '\\_', text) # Escape underscores in display text\n"}
,{"stream_name":"stderr","time":16562.059522557,"data":"[NbConvertApp] Converting notebook __notebook__.ipynb to notebook\n"}
,{"stream_name":"stderr","time":16562.414151573,"data":"[NbConvertApp] Writing 40911 bytes to __notebook__.ipynb\n"}
,{"stream_name":"stderr","time":16565.059309854,"data":"[NbConvertApp] Converting notebook __notebook__.ipynb to html\n"}
,{"stream_name":"stderr","time":16566.011180173,"data":"[NbConvertApp] Writing 359738 bytes to __results__.html\n"}
]